Component: ARM Compiler 5.06 update 7 (build 960) Tool: armlink [4d3601]

==============================================================================

Section Cross References

    startup_stm32f407xx.o(RESET) refers to startup_stm32f407xx.o(STACK) for __initial_sp
    startup_stm32f407xx.o(RESET) refers to startup_stm32f407xx.o(.text) for Reset_Handler
    startup_stm32f407xx.o(RESET) refers to stm32f4xx_it.o(i.NMI_Handler) for NMI_Handler
    startup_stm32f407xx.o(RESET) refers to stm32f4xx_it.o(i.HardFault_Handler) for HardFault_Handler
    startup_stm32f407xx.o(RESET) refers to stm32f4xx_it.o(i.MemManage_Handler) for MemManage_Handler
    startup_stm32f407xx.o(RESET) refers to stm32f4xx_it.o(i.BusFault_Handler) for BusFault_Handler
    startup_stm32f407xx.o(RESET) refers to stm32f4xx_it.o(i.UsageFault_Handler) for UsageFault_Handler
    startup_stm32f407xx.o(RESET) refers to stm32f4xx_it.o(i.SVC_Handler) for SVC_Handler
    startup_stm32f407xx.o(RESET) refers to stm32f4xx_it.o(i.DebugMon_Handler) for DebugMon_Handler
    startup_stm32f407xx.o(RESET) refers to stm32f4xx_it.o(i.PendSV_Handler) for PendSV_Handler
    startup_stm32f407xx.o(RESET) refers to stm32f4xx_it.o(i.SysTick_Handler) for SysTick_Handler
    startup_stm32f407xx.o(RESET) refers to stm32f4xx_it.o(i.USART2_IRQHandler) for USART2_IRQHandler
    startup_stm32f407xx.o(RESET) refers to stm32f4xx_it.o(i.USART3_IRQHandler) for USART3_IRQHandler
    startup_stm32f407xx.o(RESET) refers to stm32f4xx_it.o(i.UART4_IRQHandler) for UART4_IRQHandler
    startup_stm32f407xx.o(.text) refers to system_stm32f4xx.o(i.SystemInit) for SystemInit
    startup_stm32f407xx.o(.text) refers to entry.o(.ARM.Collect$$$$00000000) for __main
    main.o(i.APP_ApplyCachedGuiParam) refers to gui.o(i.GUI_HMI_GetCachedParam) for GUI_HMI_GetCachedParam
    main.o(i.APP_ApplyCachedGuiParam) refers to main.o(i.APP_SaveCardParamEx) for APP_SaveCardParamEx
    main.o(i.APP_ApplyCachedGuiParam) refers to main.o(.bss) for g_app_card_record
    main.o(i.APP_BleApplyState) refers to gui.o(i.GUI_HMI_SetValue) for GUI_HMI_SetValue
    main.o(i.APP_BleApplyState) refers to main.o(i.APP_PauseRun) for APP_PauseRun
    main.o(i.APP_BleApplyState) refers to main.o(i.APP_ResumeRun) for APP_ResumeRun
    main.o(i.APP_BleApplyState) refers to main.o(i.APP_StartRunFromBle) for APP_StartRunFromBle
    main.o(i.APP_BleApplyState) refers to main.o(i.APP_StopRun) for APP_StopRun
    main.o(i.APP_BleApplyState) refers to main.o(.bss) for g_ble_state
    main.o(i.APP_BleApplyState) refers to main.o(.data) for g_app_running
    main.o(i.APP_BleReportStatus) refers to main.o(i.APP_BleSyncFromApp) for APP_BleSyncFromApp
    main.o(i.APP_BleReportStatus) refers to stm32f4xx_hal.o(i.HAL_GetTick) for HAL_GetTick
    main.o(i.APP_BleReportStatus) refers to app_ble.o(i.AppBle_SendStatus) for AppBle_SendStatus
    main.o(i.APP_BleReportStatus) refers to main.o(.data) for g_ble_last_status_tick
    main.o(i.APP_BleReportStatus) refers to main.o(.bss) for g_ble_state
    main.o(i.APP_BleSaveState) refers to memcpya.o(.text) for __aeabi_memcpy
    main.o(i.APP_BleSaveState) refers to eeprom.o(i.EEPROM_SaveCardRecord) for EEPROM_SaveCardRecord
    main.o(i.APP_BleSaveState) refers to main.o(.bss) for g_app_card_record
    main.o(i.APP_BleSaveState) refers to main.o(.data) for g_app_uid_len
    main.o(i.APP_BleSyncFromApp) refers to pressure.o(i.PRESSURE_IsOccupied) for PRESSURE_IsOccupied
    main.o(i.APP_BleSyncFromApp) refers to pressure.o(i.PRESSURE_GetAdcValue) for PRESSURE_GetAdcValue
    main.o(i.APP_BleSyncFromApp) refers to nfc.o(i.NFC_IsReady) for NFC_IsReady
    main.o(i.APP_BleSyncFromApp) refers to memcpya.o(.text) for __aeabi_memcpy
    main.o(i.APP_BleSyncFromApp) refers to t.o(i.T_ReadTemperatureX10) for T_ReadTemperatureX10
    main.o(i.APP_BleSyncFromApp) refers to app_state.o(i.AppState_UpdateMeasuredTemp) for AppState_UpdateMeasuredTemp
    main.o(i.APP_BleSyncFromApp) refers to heater.o(i.HEATER_GetPhase) for HEATER_GetPhase
    main.o(i.APP_BleSyncFromApp) refers to main.o(.bss) for g_ble_state
    main.o(i.APP_BleSyncFromApp) refers to main.o(.data) for g_app_running
    main.o(i.APP_ClearSessions) refers to eeprom.o(i.EEPROM_ClearSessionLog) for EEPROM_ClearSessionLog
    main.o(i.APP_ClearSessions) refers to main.o(.data) for g_session_first_epoch
    main.o(i.APP_EnsureActiveUid) refers to memcpya.o(.text) for __aeabi_memcpy
    main.o(i.APP_EnsureActiveUid) refers to main.o(.data) for g_app_uid_len
    main.o(i.APP_EnsureActiveUid) refers to main.o(.bss) for g_app_card_record
    main.o(i.APP_FinishRun) refers to heater.o(i.HEATER_RunStop) for HEATER_RunStop
    main.o(i.APP_FinishRun) refers to pressure.o(i.PRESSURE_RunStop) for PRESSURE_RunStop
    main.o(i.APP_FinishRun) refers to voice.o(i.VOICE_PlayFile) for VOICE_PlayFile
    main.o(i.APP_FinishRun) refers to main.o(i.APP_SessionEnd) for APP_SessionEnd
[...]
    i.PRESSURE_RunStart                      0x08006af8   Section        0  pressure.o(i.PRESSURE_RunStart)
    i.PRESSURE_RunStop                       0x08006b50   Section        0  pressure.o(i.PRESSURE_RunStop)
    i.PRESSURE_Task                          0x08006b94   Section        0  pressure.o(i.PRESSURE_Task)
    i.PendSV_Handler                         0x08006c5c   Section        0  stm32f4xx_it.o(i.PendSV_Handler)
    i.SPI_EndRxTransaction                   0x08006c5e   Section        0  stm32f4xx_hal_spi.o(i.SPI_EndRxTransaction)
    SPI_EndRxTransaction                     0x08006c5f   Thumb Code   148  stm32f4xx_hal_spi.o(i.SPI_EndRxTransaction)
    i.SPI_EndRxTxTransaction                 0x08006cf4   Section        0  stm32f4xx_hal_spi.o(i.SPI_EndRxTxTransaction)
    SPI_EndRxTxTransaction                   0x08006cf5   Thumb Code   128  stm32f4xx_hal_spi.o(i.SPI_EndRxTxTransaction)
    i.SPI_WaitFlagStateUntilTimeout          0x08006d7c   Section        0  stm32f4xx_hal_spi.o(i.SPI_WaitFlagStateUntilTimeout)
    SPI_WaitFlagStateUntilTimeout            0x08006d7d   Thumb Code   212  stm32f4xx_hal_spi.o(i.SPI_WaitFlagStateUntilTimeout)
    i.SVC_Handler                            0x08006e54   Section        0  stm32f4xx_it.o(i.SVC_Handler)
    i.SysTick_Handler                        0x08006e56   Section        0  stm32f4xx_it.o(i.SysTick_Handler)
    i.SystemClock_Config                     0x08006e60   Section        0  main.o(i.SystemClock_Config)
    i.SystemInit                             0x08006f14   Section        0  system_stm32f4xx.o(i.SystemInit)
    i.T_Init                                 0x08006f28   Section        0  t.o(i.T_Init)
    i.T_ReadTemperatureX10                   0x08007014   Section        0  t.o(i.T_ReadTemperatureX10)
    i.UART4_IRQHandler                       0x080070b8   Section        0  stm32f4xx_it.o(i.UART4_IRQHandler)
    i.UART_DMAAbortOnError                   0x080070e8   Section        0  stm32f4xx_hal_uart.o(i.UART_DMAAbortOnError)
    UART_DMAAbortOnError                     0x080070e9   Thumb Code    18  stm32f4xx_hal_uart.o(i.UART_DMAAbortOnError)
    i.UART_EndRxTransfer                     0x080070fa   Section        0  stm32f4xx_hal_uart.o(i.UART_EndRxTransfer)
    UART_EndRxTransfer                       0x080070fb   Thumb Code   108  stm32f4xx_hal_uart.o(i.UART_EndRxTransfer)
    i.UART_EndTransmit_IT                    0x08007166   Section        0  stm32f4xx_hal_uart.o(i.UART_EndTransmit_IT)
    UART_EndTransmit_IT                      0x08007167   Thumb Code    32  stm32f4xx_hal_uart.o(i.UART_EndTransmit_IT)
    i.UART_Receive_IT                        0x08007186   Section        0  stm32f4xx_hal_uart.o(i.UART_Receive_IT)
    UART_Receive_IT                          0x08007187   Thumb Code   252  stm32f4xx_hal_uart.o(i.UART_Receive_IT)
    i.UART_SetConfig                         0x08007284   Section        0  stm32f4xx_hal_uart.o(i.UART_SetConfig)
    UART_SetConfig                           0x08007285   Thumb Code   546  stm32f4xx_hal_uart.o(i.UART_SetConfig)
    i.UART_Start_Receive_IT                  0x080074b0   Section        0  stm32f4xx_hal_uart.o(i.UART_Start_Receive_IT)
    i.UART_Transmit_IT                       0x080074f0   Section        0  stm32f4xx_hal_uart.o(i.UART_Transmit_IT)
    UART_Transmit_IT                         0x080074f1   Thumb Code    96  stm32f4xx_hal_uart.o(i.UART_Transmit_IT)
    i.UART_WaitOnFlagUntilTimeout            0x08007550   Section        0  stm32f4xx_hal_uart.o(i.UART_WaitOnFlagUntilTimeout)
    UART_WaitOnFlagUntilTimeout              0x08007551   Thumb Code   140  stm32f4xx_hal_uart.o(i.UART_WaitOnFlagUntilTimeout)
    i.USART2_IRQHandler                      0x080075dc   Section        0  stm32f4xx_it.o(i.USART2_IRQHandler)
    i.USART3_IRQHandler                      0x080075ec   Section        0  stm32f4xx_it.o(i.USART3_IRQHandler)
    i.UsageFault_Handler                     0x080075fc   Section        0  stm32f4xx_it.o(i.UsageFault_Handler)
    i.VOICE_Init                             0x08007600   Section        0  voice.o(i.VOICE_Init)
    i.VOICE_PlayFile                         0x08007620   Section        0  voice.o(i.VOICE_PlayFile)
    i.VOICE_SendFrame                        0x08007658   Section        0  voice.o(i.VOICE_SendFrame)
    VOICE_SendFrame                          0x08007659   Thumb Code   126  voice.o(i.VOICE_SendFrame)
    i.__0snprintf                            0x080076dc   Section        0  printfa.o(i.__0snprintf)
    i.__0vsnprintf                           0x08007710   Section        0  printfa.o(i.__0vsnprintf)
    i.__NVIC_GetPriorityGrouping             0x08007744   Section        0  stm32f4xx_hal_cortex.o(i.__NVIC_GetPriorityGrouping)
    __NVIC_GetPriorityGrouping               0x08007745   Thumb Code    10  stm32f4xx_hal_cortex.o(i.__NVIC_GetPriorityGrouping)
    i.__NVIC_SetPriority                     0x08007754   Section        0  stm32f4xx_hal_cortex.o(i.__NVIC_SetPriority)
    __NVIC_SetPriority                       0x08007755   Thumb Code    32  stm32f4xx_hal_cortex.o(i.__NVIC_SetPriority)
    i.__hardfp_sqrtf                         0x0800777c   Section        0  sqrtf.o(i.__hardfp_sqrtf)
    i.__scatterload_copy                     0x080077b6   Section       14  handlers.o(i.__scatterload_copy)
    i.__scatterload_null                     0x080077c4   Section        2  handlers.o(i.__scatterload_null)
    i.__scatterload_zeroinit                 0x080077c6   Section       14  handlers.o(i.__scatterload_zeroinit)
    i.__set_errno                            0x080077d4   Section        0  errno.o(i.__set_errno)
    i._fp_digits                             0x080077e0   Section        0  printfa.o(i._fp_digits)
    _fp_digits                               0x080077e1   Thumb Code   366  printfa.o(i._fp_digits)
    i._printf_core                           0x08007964   Section        0  printfa.o(i._printf_core)
    _printf_core                             0x08007965   Thumb Code  1704  printfa.o(i._printf_core)
    i._printf_post_padding                   0x08008018   Section        0  printfa.o(i._printf_post_padding)
    _printf_post_padding                     0x08008019   Thumb Code    36  printfa.o(i._printf_post_padding)
    i._printf_pre_padding                    0x0800803c   Section        0  printfa.o(i._printf_pre_padding)
    _printf_pre_padding                      0x0800803d   Thumb Code    46  printfa.o(i._printf_pre_padding)
    i._snputc                                0x0800806a   Section        0  printfa.o(i._snputc)
    _snputc                                  0x0800806b   Thumb Code    22  printfa.o(i._snputc)
    i.app_ble_get_epoch                      0x08008080   Section        0  app_ble.o(i.app_ble_get_epoch)
    app_ble_get_epoch                        0x08008081   Thumb Code    40  app_ble.o(i.app_ble_get_epoch)
    i.app_ble_send_status_frame              0x080080b0   Section        0  app_ble.o(i.app_ble_send_status_frame)
    app_ble_send_status_frame                0x080080b1   Thumb Code   188  app_ble.o(i.app_ble_send_status_frame)
    i.app_state_can_set_param                0x0800816c   Section        0  app_state.o(i.app_state_can_set_param)
    app_state_can_set_param                  0x0800816d   Thumb Code    20  app_state.o(i.app_state_can_set_param)
    i.app_state_trigger_fault                0x08008180   Section        0  app_state.o(i.app_state_trigger_fault)
    app_state_trigger_fault                  0x08008181   Thumb Code     8  app_state.o(i.app_state_trigger_fault)
    i.ble_capture_uart_errors                0x08008188   Section        0  drv_ble.o(i.ble_capture_uart_errors)
    ble_capture_uart_errors                  0x08008189   Thumb Code   106  drv_ble.o(i.ble_capture_uart_errors)
    i.ble_protocol_xor                       0x080081fc   Section        0  ble_protocol.o(i.ble_protocol_xor)
    ble_protocol_xor                         0x080081fd   Thumb Code    26  ble_protocol.o(i.ble_protocol_xor)
    i.ble_ring_pop                           0x08008218   Section        0  drv_ble.o(i.ble_ring_pop)
    ble_ring_pop                             0x08008219   Thumb Code    48  drv_ble.o(i.ble_ring_pop)
    i.ble_ring_push                          0x08008254   Section        0  drv_ble.o(i.ble_ring_push)
    ble_ring_push                            0x08008255   Thumb Code    52  drv_ble.o(i.ble_ring_push)
    i.ble_send_frame                         0x08008298   Section        0  drv_ble.o(i.ble_send_frame)
    ble_send_frame                           0x08008299   Thumb Code    62  drv_ble.o(i.ble_send_frame)
    i.ble_start_receive_it                   0x080082dc   Section        0  drv_ble.o(i.ble_start_receive_it)
    ble_start_receive_it                     0x080082dd   Thumb Code    38  drv_ble.o(i.ble_start_receive_it)
    i.main                                   0x0800830c   Section        0  main.o(i.main)
    .constdata                               0x08008578   Section       24  system_stm32f4xx.o(.constdata)
    .constdata                               0x08008590   Section       17  gui.o(.constdata)
    hex                                      0x08008590   Data          17  gui.o(.constdata)
    .constdata                               0x080085a1   Section        6  nfc.o(.constdata)
    ack_expected                             0x080085a1   Data           6  nfc.o(.constdata)
    .conststring                             0x080085a8   Section       71  t.o(.conststring)
    .data                                    0x20000000   Section       40  main.o(.data)
    g_app_uid                                0x20000000   Data           7  main.o(.data)
    g_app_uid_len                            0x20000007   Data           1  main.o(.data)
    g_app_running                            0x20000008   Data           1  main.o(.data)
    g_app_phase                              0x20000009   Data           1  main.o(.data)
    g_app_last_temp_tick                     0x2000000c   Data           4  main.o(.data)
    g_app_last_time_tick                     0x20000010   Data           4  main.o(.data)
    g_app_remain_seconds                     0x20000014   Data           4  main.o(.data)
    g_session_first_epoch                    0x20000018   Data           4  main.o(.data)
    g_session_start_epoch                    0x2000001c   Data           4  main.o(.data)
    g_session_accum_seconds                  0x20000020   Data           4  main.o(.data)
    g_ble_last_status_tick                   0x20000024   Data           4  main.o(.data)
    .data                                    0x20000028   Section        1  usart.o(.data)
    .data                                    0x2000002c   Section        9  stm32f4xx_hal.o(.data)
    .data                                    0x20000038   Section        4  system_stm32f4xx.o(.data)
    .data                                    0x2000003c   Section       18  gui.o(.data)
    g_gui_debug_enable                       0x2000003c   Data           1  gui.o(.data)
    g_gui_hmi_rx_len                         0x2000003e   Data           2  gui.o(.data)
    g_gui_hmi_rx_flag                        0x20000040   Data           1  gui.o(.data)
    g_gui_hmi_rx_state                       0x20000041   Data           1  gui.o(.data)
    g_gui_hmi_cmd                            0x20000042   Data           1  gui.o(.data)
    g_gui_hmi_len_expect                     0x20000043   Data           1  gui.o(.data)
    g_gui_hmi_data_len                       0x20000044   Data           1  gui.o(.data)
    g_gui_hmi_xor                            0x20000045   Data           1  gui.o(.data)
    g_gui_hmi_param_ready                    0x20000046   Data           1  gui.o(.data)
    g_gui_hmi_set_temp                       0x20000047   Data           1  gui.o(.data)
    g_gui_hmi_set_work_time                  0x20000048   Data           2  gui.o(.data)
    g_gui_hmi_set_sit_time                   0x2000004a   Data           2  gui.o(.data)
    g_gui_hmi_start_ready                    0x2000004c   Data           1  gui.o(.data)
    g_gui_hmi_stop_ready                     0x2000004d   Data           1  gui.o(.data)
    .data                                    0x20000050   Section       34  nfc.o(.data)
    g_pn532_ack_ok                           0x20000050   Data           1  nfc.o(.data)
    g_pn532_sam_ok                           0x20000051   Data           1  nfc.o(.data)
    g_pn532_version                          0x20000054   Data           4  nfc.o(.data)
    g_pn532_last_error                       0x20000058   Data           1  nfc.o(.data)
    g_card_uid                               0x20000059   Data           7  nfc.o(.data)
    g_card_uid_len                           0x20000060   Data           1  nfc.o(.data)
    g_last_card_uid                          0x20000061   Data           7  nfc.o(.data)
    g_last_card_uid_len                      0x20000068   Data           1  nfc.o(.data)
    g_new_card_uid                           0x20000069   Data           7  nfc.o(.data)
    g_new_card_uid_len                       0x20000070   Data           1  nfc.o(.data)
    g_new_card_ready                         0x20000071   Data           1  nfc.o(.data)
    .data                                    0x20000074   Section        5  t.o(.data)
    g_t_last_tick                            0x20000074   Data           4  t.o(.data)
    g_t_init_ok                              0x20000078   Data           1  t.o(.data)
    .data                                    0x2000007c   Section       20  pressure.o(.data)
    g_pressure_run_enable                    0x2000007c   Data           1  pressure.o(.data)
    g_pressure_occupied                      0x2000007d   Data           1  pressure.o(.data)
    g_pressure_reminded                      0x2000007e   Data           1  pressure.o(.data)
    g_pressure_sit_time_min                  0x20000080   Data           2  pressure.o(.data)
    g_pressure_adc_value                     0x20000082   Data           2  pressure.o(.data)
    g_pressure_last_sample_tick              0x20000084   Data           4  pressure.o(.data)
    g_pressure_last_count_tick               0x20000088   Data           4  pressure.o(.data)
    g_pressure_sit_elapsed_seconds           0x2000008c   Data           4  pressure.o(.data)
    .data                                    0x20000090   Section       20  heater.o(.data)
    g_heater_run_enable                      0x20000090   Data           1  heater.o(.data)
    g_heater_output_enable                   0x20000091   Data           1  heater.o(.data)
    g_heater_phase                           0x20000092   Data           1  heater.o(.data)
    g_heater_duty_percent                    0x20000093   Data           1  heater.o(.data)
    g_heater_target_temp_x10                 0x20000094   Data           2  heater.o(.data)
    g_heater_window_tick                     0x20000098   Data           4  heater.o(.data)
    g_heater_i_duty                          0x2000009c   Data           2  heater.o(.data)
    g_heater_i_tick                          0x200000a0   Data           4  heater.o(.data)
    .data                                    0x200000a4   Section       16  drv_ble.o(.data)
    s_ble_uart                               0x200000a4   Data           4  drv_ble.o(.data)
    s_rx_len                                 0x200000a8   Data           1  drv_ble.o(.data)
    s_has_pending_frame                      0x200000a9   Data           1  drv_ble.o(.data)
    s_rx_debug_count                         0x200000aa   Data           1  drv_ble.o(.data)
    s_rx_debug_last_byte                     0x200000ab   Data           1  drv_ble.o(.data)
    s_rx_debug_frame_count                   0x200000ac   Data           1  drv_ble.o(.data)
    s_rx_debug_last_cmd                      0x200000ad   Data           1  drv_ble.o(.data)
    s_rx_debug_uart_error_flags              0x200000ae   Data           1  drv_ble.o(.data)
    s_rx_it_byte                             0x200000af   Data           1  drv_ble.o(.data)
    s_rx_ring_head                           0x200000b0   Data           2  drv_ble.o(.data)
    s_rx_ring_tail                           0x200000b2   Data           2  drv_ble.o(.data)
    .data                                    0x200000b4   Section        8  app_ble.o(.data)
    s_clock_epoch_base                       0x200000b4   Data           4  app_ble.o(.data)
    s_clock_tick_base                        0x200000b8   Data           4  app_ble.o(.data)
    .data                                    0x200000bc   Section        4  errno.o(.data)
    _errno                                   0x200000bc   Data           4  errno.o(.data)
    .bss                                     0x200000c0   Section       48  main.o(.bss)
    g_app_card_record                        0x200000c0   Data          18  main.o(.bss)
    g_ble_state                              0x200000d2   Data          30  main.o(.bss)
    .bss                                     0x200000f0   Section       72  adc.o(.bss)
    .bss                                     0x20000138   Section      168  i2c.o(.bss)
    .bss                                     0x200001e0   Section       88  spi.o(.bss)
    .bss                                     0x20000238   Section      216  usart.o(.bss)
    .bss                                     0x20000310   Section      144  gui.o(.bss)
    g_gui_hmi_rx_buf                         0x20000310   Data         128  gui.o(.bss)
    g_gui_hmi_data_buf                       0x20000390   Data          16  gui.o(.bss)
    .bss                                     0x200003a0   Section      258  drv_ble.o(.bss)
    s_rx_buf                                 0x200003a0   Data          64  drv_ble.o(.bss)
    s_pending_frame                          0x200003e0   Data          66  drv_ble.o(.bss)
    s_rx_ring                                0x20000422   Data         128  drv_ble.o(.bss)
    STACK                                    0x200004a8   Section     1024  startup_stm32f407xx.o(STACK)

    Global Symbols

    Symbol Name                              Value     Ov Type        Size  Object(Section)

    BuildAttributes$$THM_ISAv4$E$P$D$K$B$S$7EM$VFPi3$EXTD16$VFPS$VFMA$PE$A:L22UL41UL21$X:L11$S22US41US21$IEEE1$IW$USESV6$~STKCKD$USESV7$~SHL$OTIME$ROPI$IEEEJ$EBA8$MICROLIB$REQ8$PRES8$EABIv2 0x00000000   Number         0  anon$$obj.o ABSOLUTE
    __ARM_use_no_argv                        0x00000000   Number         0  main.o ABSOLUTE
    _printf_a                                0x00000000   Number         0  stubs.o ABSOLUTE
    _printf_c                                0x00000000   Number         0  stubs.o ABSOLUTE
    _printf_charcount                        0x00000000   Number         0  stubs.o ABSOLUTE
    _printf_d                                0x00000000   Number         0  stubs.o ABSOLUTE
    _printf_e                                0x00000000   Number         0  stubs.o ABSOLUTE
    _printf_f                                0x00000000   Number         0  stubs.o ABSOLUTE
    _printf_flags                            0x00000000   Number         0  stubs.o ABSOLUTE
    _printf_fp_dec                           0x00000000   Number         0  stubs.o ABSOLUTE
    _printf_fp_hex                           0x00000000   Number         0  stubs.o ABSOLUTE
    _printf_g                                0x00000000   Number         0  stubs.o ABSOLUTE
    _printf_i                                0x00000000   Number         0  stubs.o ABSOLUTE
    _printf_int_dec                          0x00000000   Number         0  stubs.o ABSOLUTE
    _printf_l                                0x00000000   Number         0  stubs.o ABSOLUTE
    _printf_lc                               0x00000000   Number         0  stubs.o ABSOLUTE
    _printf_ll                               0x00000000   Number         0  stubs.o ABSOLUTE
    _printf_lld                              0x00000000   Number         0  stubs.o ABSOLUTE
    _printf_lli                              0x00000000   Number         0  stubs.o ABSOLUTE
    _printf_llo                              0x00000000   Number         0  stubs.o ABSOLUTE
    _printf_llu                              0x00000000   Number         0  stubs.o ABSOLUTE
    _printf_llx                              0x00000000   Number         0  stubs.o ABSOLUTE
    _printf_longlong_dec                     0x00000000   Number         0  stubs.o ABSOLUTE
    _printf_longlong_hex                     0x00000000   Number         0  stubs.o ABSOLUTE
    _printf_longlong_oct                     0x00000000   Number         0  stubs.o ABSOLUTE
    _printf_ls                               0x00000000   Number         0  stubs.o ABSOLUTE
    _printf_mbtowc                           0x00000000   Number         0  stubs.o ABSOLUTE
    _printf_n                                0x00000000   Number         0  stubs.o ABSOLUTE
    _printf_o                                0x00000000   Number         0  stubs.o ABSOLUTE
    _printf_p                                0x00000000   Number         0  stubs.o ABSOLUTE
    _printf_percent                          0x00000000   Number         0  stubs.o ABSOLUTE
    _printf_pre_padding                      0x00000000   Number         0  stubs.o ABSOLUTE
    _printf_return_value                     0x00000000   Number         0  stubs.o ABSOLUTE
    _printf_s                                0x00000000   Number         0  stubs.o ABSOLUTE
    _printf_sizespec                         0x00000000   Number         0  stubs.o ABSOLUTE
    _printf_str                              0x00000000   Number         0  stubs.o ABSOLUTE
    _printf_truncate_signed                  0x00000000   Number         0  stubs.o ABSOLUTE
    _printf_truncate_unsigned                0x00000000   Number         0  stubs.o ABSOLUTE
    _printf_u                                0x00000000   Number         0  stubs.o ABSOLUTE
    _printf_wc                               0x00000000   Number         0  stubs.o ABSOLUTE
    _printf_wctomb                           0x00000000   Number         0  stubs.o ABSOLUTE
    _printf_widthprec                        0x00000000   Number         0  stubs.o ABSOLUTE
    _printf_x                                0x00000000   Number         0  stubs.o ABSOLUTE
    __arm_fini_                               - Undefined Weak Reference
    __cpp_initialize__aeabi_                  - Undefined Weak Reference
    __cxa_finalize                            - Undefined Weak Reference
    __decompress                              - Undefined Weak Reference
    _clock_init                               - Undefined Weak Reference
    _microlib_exit                            - Undefined Weak Reference
    __Vectors_Size                           0x00000188   Number         0  startup_stm32f407xx.o ABSOLUTE
    __Vectors                                0x08000000   Data           4  startup_stm32f407xx.o(RESET)
    __Vectors_End                            0x08000188   Data           0  startup_stm32f407xx.o(RESET)
    __main                                   0x08000189   Thumb Code     0  entry.o(.ARM.Collect$$$$00000000)
    _main_stk                                0x08000189   Thumb Code     0  entry2.o(.ARM.Collect$$$$00000001)
    _main_scatterload                        0x0800018d   Thumb Code     0  entry5.o(.ARM.Collect$$$$00000004)
    __main_after_scatterload                 0x08000191   Thumb Code     0  entry5.o(.ARM.Collect$$$$00000004)
    _main_clock                              0x08000191   Thumb Code     0  entry7b.o(.ARM.Collect$$$$00000008)
    _main_cpp_init                           0x08000191   Thumb Code     0  entry8b.o(.ARM.Collect$$$$0000000A)
    _main_init                               0x08000191   Thumb Code     0  entry9a.o(.ARM.Collect$$$$0000000B)
    __rt_lib_shutdown_fini                   0x08000199   Thumb Code     0  entry12b.o(.ARM.Collect$$$$0000000E)
    __rt_final_cpp                           0x0800019d   Thumb Code     0  entry10a.o(.ARM.Collect$$$$0000000F)
    __rt_final_exit                          0x0800019d   Thumb Code     0  entry11a.o(.ARM.Collect$$$$00000011)
    Reset_Handler                            0x080001a1   Thumb Code     8  startup_stm32f407xx.o(.text)
    ADC_IRQHandler                           0x080001bb   Thumb Code     0  startup_stm32f407xx.o(.text)
    CAN1_RX0_IRQHandler                      0x080001bb   Thumb Code     0  startup_stm32f407xx.o(.text)
    CAN1_RX1_IRQHandler                      0x080001bb   Thumb Code     0  startup_stm32f407xx.o(.text)
    CAN1_SCE_IRQHandler                      0x080001bb   Thumb Code     0  startup_stm32f407xx.o(.text)
    CAN1_TX_IRQHandler                       0x080001bb   Thumb Code     0  startup_stm32f407xx.o(.text)
    CAN2_RX0_IRQHandler                      0x080001bb   Thumb Code     0  startup_stm32f407xx.o(.text)
    CAN2_RX1_IRQHandler                      0x080001bb   Thumb Code     0  startup_stm32f407xx.o(.text)
    CAN2_SCE_IRQHandler                      0x080001bb   Thumb Code     0  startup_stm32f407xx.o(.text)
    CAN2_TX_IRQHandler                       0x080001bb   Thumb Code     0  startup_stm32f407xx.o(.text)
    DCMI_IRQHandler                          0x080001bb   Thumb Code     0  startup_stm32f407xx.o(.text)
    DMA1_Stream0_IRQHandler                  0x080001bb   Thumb Code     0  startup_stm32f407xx.o(.text)
    DMA1_Stream1_IRQHandler                  0x080001bb   Thumb Code     0  startup_stm32f407xx.o(.text)
    DMA1_Stream2_IRQHandler                  0x080001bb   Thumb Code     0  startup_stm32f407xx.o(.text)
    DMA1_Stream3_IRQHandler                  0x080001bb   Thumb Code     0  startup_stm32f407xx.o(.text)
    DMA1_Stream4_IRQHandler                  0x080001bb   Thumb Code     0  startup_stm32f407xx.o(.text)
    DMA1_Stream5_IRQHandler                  0x080001bb   Thumb Code     0  startup_stm32f407xx.o(.text)
    DMA1_Stream6_IRQHandler                  0x080001bb   Thumb Code     0  startup_stm32f407xx.o(.text)
    DMA1_Stream7_IRQHandler                  0x080001bb   Thumb Code     0  startup_stm32f407xx.o(.text)
    DMA2_Stream0_IRQHandler                  0x080001bb   Thumb Code     0  startup_stm32f407xx.o(.text)
    DMA2_Stream1_IRQHandler                  0x080001bb   Thumb Code     0  startup_stm32f407xx.o(.text)
    DMA2_Stream2_IRQHandler                  0x080001bb   Thumb Code     0  startup_stm32f407xx.o(.text)
    DMA2_Stream3_IRQHandler                  0x080001bb   Thumb Code     0  startup_stm32f407xx.o(.text)
    DMA2_Stream4_IRQHandler                  0x080001bb   Thumb Code     0  startup_stm32f407xx.o(.text)
    DMA2_Stream5_IRQHandler                  0x080001bb   Thumb Code     0  startup_stm32f407xx.o(.text)
    DMA2_Stream6_IRQHandler                  0x080001bb   Thumb Code     0  startup_stm32f407xx.o(.text)
    DMA2_Stream7_IRQHandler                  0x080001bb   Thumb Code     0  startup_stm32f407xx.o(.text)
    ETH_IRQHandler                           0x080001bb   Thumb Code     0  startup_stm32f407xx.o(.text)
    ETH_WKUP_IRQHandler                      0x080001bb   Thumb Code     0  startup_stm32f407xx.o(.text)
    EXTI0_IRQHandler                         0x080001bb   Thumb Code     0  startup_stm32f407xx.o(.text)
    EXTI15_10_IRQHandler                     0x080001bb   Thumb Code     0  startup_stm32f407xx.o(.text)
    EXTI1_IRQHandler                         0x080001bb   Thumb Code     0  startup_stm32f407xx.o(.text)
    EXTI2_IRQHandler                         0x080001bb   Thumb Code     0  startup_stm32f407xx.o(.text)
    EXTI3_IRQHandler                         0x080001bb   Thumb Code     0  startup_stm32f407xx.o(.text)
    EXTI4_IRQHandler                         0x080001bb   Thumb Code     0  startup_stm32f407xx.o(.text)
    EXTI9_5_IRQHandler                       0x080001bb   Thumb Code     0  startup_stm32f407xx.o(.text)
    FLASH_IRQHandler                         0x080001bb   Thumb Code     0  startup_stm32f407xx.o(.text)
    FMC_IRQHandler                           0x080001bb   Thumb Code     0  startup_stm32f407xx.o(.text)
    FPU_IRQHandler                           0x080001bb   Thumb Code     0  startup_stm32f407xx.o(.text)
    HASH_RNG_IRQHandler                      0x080001bb   Thumb Code     0  startup_stm32f407xx.o(.text)
    I2C1_ER_IRQHandler                       0x080001bb   Thumb Code     0  startup_stm32f407xx.o(.text)
    I2C1_EV_IRQHandler                       0x080001bb   Thumb Code     0  startup_stm32f407xx.o(.text)
    I2C2_ER_IRQHandler                       0x080001bb   Thumb Code     0  startup_stm32f407xx.o(.text)
    I2C2_EV_IRQHandler                       0x080001bb   Thumb Code     0  startup_stm32f407xx.o(.text)
    I2C3_ER_IRQHandler                       0x080001bb   Thumb Code     0  startup_stm32f407xx.o(.text)
    I2C3_EV_IRQHandler                       0x080001bb   Thumb Code     0  startup_stm32f407xx.o(.text)
    OTG_FS_IRQHandler                        0x080001bb   Thumb Code     0  startup_stm32f407xx.o(.text)
    OTG_FS_WKUP_IRQHandler                   0x080001bb   Thumb Code     0  startup_stm32f407xx.o(.text)
    OTG_HS_EP1_IN_IRQHandler                 0x080001bb   Thumb Code     0  startup_stm32f407xx.o(.text)
    OTG_HS_EP1_OUT_IRQHandler                0x080001bb   Thumb Code     0  startup_stm32f407xx.o(.text)
    OTG_HS_IRQHandler                        0x080001bb   Thumb Code     0  startup_stm32f407xx.o(.text)
    OTG_HS_WKUP_IRQHandler                   0x080001bb   Thumb Code     0  startup_stm32f407xx.o(.text)
    PVD_IRQHandler                           0x080001bb   Thumb Code     0  startup_stm32f407xx.o(.text)
    RCC_IRQHandler                           0x080001bb   Thumb Code     0  startup_stm32f407xx.o(.text)
    RTC_Alarm_IRQHandler                     0x080001bb   Thumb Code     0  startup_stm32f407xx.o(.text)
    RTC_WKUP_IRQHandler                      0x080001bb   Thumb Code     0  startup_stm32f407xx.o(.text)
    SDIO_IRQHandler                          0x080001bb   Thumb Code     0  startup_stm32f407xx.o(.text)
    SPI1_IRQHandler                          0x080001bb   Thumb Code     0  startup_stm32f407xx.o(.text)
    SPI2_IRQHandler                          0x080001bb   Thumb Code     0  startup_stm32f407xx.o(.text)
    SPI3_IRQHandler                          0x080001bb   Thumb Code     0  startup_stm32f407xx.o(.text)
    TAMP_STAMP_IRQHandler                    0x080001bb   Thumb Code     0  startup_stm32f407xx.o(.text)
    TIM1_BRK_TIM9_IRQHandler                 0x080001bb   Thumb Code     0  startup_stm32f407xx.o(.text)
    TIM1_CC_IRQHandler                       0x080001bb   Thumb Code     0  startup_stm32f407xx.o(.text)
    TIM1_TRG_COM_TIM11_IRQHandler            0x080001bb   Thumb Code     0  startup_stm32f407xx.o(.text)
    TIM1_UP_TIM10_IRQHandler                 0x080001bb   Thumb Code     0  startup_stm32f407xx.o(.text)
    TIM2_IRQHandler                          0x080001bb   Thumb Code     0  startup_stm32f407xx.o(.text)
    TIM3_IRQHandler                          0x080001bb   Thumb Code     0  startup_stm32f407xx.o(.text)
    TIM4_IRQHandler                          0x080001bb   Thumb Code     0  startup_stm32f407xx.o(.text)
    TIM5_IRQHandler                          0x080001bb   Thumb Code     0  startup_stm32f407xx.o(.text)
    TIM6_DAC_IRQHandler                      0x080001bb   Thumb Code     0  startup_stm32f407xx.o(.text)
    TIM7_IRQHandler                          0x080001bb   Thumb Code     0  startup_stm32f407xx.o(.text)
    TIM8_BRK_TIM12_IRQHandler                0x080001bb   Thumb Code     0  startup_stm32f407xx.o(.text)
    TIM8_CC_IRQHandler                       0x080001bb   Thumb Code     0  startup_stm32f407xx.o(.text)
    TIM8_TRG_COM_TIM14_IRQHandler            0x080001bb   Thumb Code     0  startup_stm32f407xx.o(.text)
    TIM8_UP_TIM13_IRQHandler                 0x080001bb   Thumb Code     0  startup_stm32f407xx.o(.text)
    UART5_IRQHandler                         0x080001bb   Thumb Code     0  startup_stm32f407xx.o(.text)
    USART1_IRQHandler                        0x080001bb   Thumb Code     0  startup_stm32f407xx.o(.text)
    USART6_IRQHandler                        0x080001bb   Thumb Code     0  startup_stm32f407xx.o(.text)
    WWDG_IRQHandler                          0x080001bb   Thumb Code     0  startup_stm32f407xx.o(.text)
    __aeabi_uldivmod                         0x080001c5   Thumb Code    98  uldiv.o(.text)
    __aeabi_memcpy                           0x08000227   Thumb Code    36  memcpya.o(.text)
    __aeabi_memcpy4                          0x08000227   Thumb Code     0  memcpya.o(.text)
    __aeabi_memcpy8                          0x08000227   Thumb Code     0  memcpya.o(.text)
    __aeabi_memset                           0x0800024b   Thumb Code    14  memseta.o(.text)
    __aeabi_memset4                          0x0800024b   Thumb Code     0  memseta.o(.text)
    __aeabi_memset8                          0x0800024b   Thumb Code     0  memseta.o(.text)
    __aeabi_memclr                           0x08000259   Thumb Code     4  memseta.o(.text)
    __aeabi_memclr4                          0x08000259   Thumb Code     0  memseta.o(.text)
    __aeabi_memclr8                          0x08000259   Thumb Code     0  memseta.o(.text)
    _memset$wrapper                          0x0800025d   Thumb Code    18  memseta.o(.text)
    strlen                                   0x0800026f   Thumb Code    14  strlen.o(.text)
    memcmp                                   0x0800027d   Thumb Code    26  memcmp.o(.text)
    __aeabi_uidiv                            0x08000297   Thumb Code     0  uidiv.o(.text)
    __aeabi_uidivmod                         0x08000297   Thumb Code    44  uidiv.o(.text)
    __aeabi_llsl                             0x080002c3   Thumb Code    30  llshl.o(.text)
    _ll_shift_l                              0x080002c3   Thumb Code     0  llshl.o(.text)
    __aeabi_llsr                             0x080002e1   Thumb Code    32  llushr.o(.text)
    _ll_ushift_r                             0x080002e1   Thumb Code     0  llushr.o(.text)
    __I$use$fp                               0x08000301   Thumb Code     0  iusefp.o(.text)
    __aeabi_dadd                             0x08000301   Thumb Code   322  dadd.o(.text)
    __aeabi_dsub                             0x08000443   Thumb Code     6  dadd.o(.text)
    __aeabi_drsub                            0x08000449   Thumb Code     6  dadd.o(.text)
    __aeabi_dmul                             0x0800044f   Thumb Code   228  dmul.o(.text)
    __aeabi_ddiv                             0x08000533   Thumb Code   222  ddiv.o(.text)
    __aeabi_d2ulz                            0x08000611   Thumb Code    48  dfixul.o(.text)
    __aeabi_cdrcmple                         0x08000641   Thumb Code    48  cdrcmple.o(.text)
    __scatterload                            0x08000671   Thumb Code    28  init.o(.text)
    __scatterload_rt2                        0x08000671   Thumb Code     0  init.o(.text)
    __aeabi_lasr                             0x08000695   Thumb Code    36  llsshr.o(.text)
    _ll_sshift_r                             0x08000695   Thumb Code     0  llsshr.o(.text)
    _double_round                            0x080006b9   Thumb Code    30  depilogue.o(.text)
    _double_epilogue                         0x080006d7   Thumb Code   156  depilogue.o(.text)
    AppBle_GetEpoch                          0x0800122d   Thumb Code     8  app_ble.o(i.AppBle_GetEpoch)
    AppBle_Init                              0x08001235   Thumb Code    12  app_ble.o(i.AppBle_Init)
    AppBle_Process                           0x08001241   Thumb Code     8  app_ble.o(i.AppBle_Process)
    AppBle_ProcessCommands                   0x08001249   Thumb Code   446  app_ble.o(i.AppBle_ProcessCommands)
    AppBle_SendStatus                        0x08001411   Thumb Code    18  app_ble.o(i.AppBle_SendStatus)
    AppState_ApplyCommand                    0x08001423   Thumb Code   234  app_state.o(i.AppState_ApplyCommand)
    AppState_Init                            0x0800150d   Thumb Code    36  app_state.o(i.AppState_Init)
    AppState_Start                           0x08001531   Thumb Code    16  app_state.o(i.AppState_Start)
    AppState_Stop                            0x08001541   Thumb Code    12  app_state.o(i.AppState_Stop)
    AppState_UpdateMeasuredTemp              0x0800154d   Thumb Code   142  app_state.o(i.AppState_UpdateMeasuredTemp)
    BLE_Drv_GetDebugStats                    0x080015dd   Thumb Code    46  drv_ble.o(i.BLE_Drv_GetDebugStats)
    BLE_Drv_GetNextCommand                   0x08001621   Thumb Code    36  drv_ble.o(i.BLE_Drv_GetNextCommand)
    BLE_Drv_Init                             0x0800164d   Thumb Code    64  drv_ble.o(i.BLE_Drv_Init)
    BLE_Drv_Process                          0x080016bd   Thumb Code   226  drv_ble.o(i.BLE_Drv_Process)
    BLE_Drv_SendAck                          0x080017c5   Thumb Code    26  drv_ble.o(i.BLE_Drv_SendAck)
    BLE_Drv_SendSession                      0x080017df   Thumb Code   102  drv_ble.o(i.BLE_Drv_SendSession)
    BLE_Drv_SendSessionCount                 0x08001845   Thumb Code    14  drv_ble.o(i.BLE_Drv_SendSessionCount)
    BLE_Drv_SendStatus                       0x08001853   Thumb Code   264  drv_ble.o(i.BLE_Drv_SendStatus)
    BLE_Protocol_BuildFrame                  0x0800195b   Thumb Code    88  ble_protocol.o(i.BLE_Protocol_BuildFrame)
    BLE_Protocol_TryParse                    0x080019b3   Thumb Code   122  ble_protocol.o(i.BLE_Protocol_TryParse)
    BusFault_Handler                         0x08001a2d   Thumb Code     4  stm32f4xx_it.o(i.BusFault_Handler)
    DebugMon_Handler                         0x08001a31   Thumb Code     2  stm32f4xx_it.o(i.DebugMon_Handler)
    EEPROM_AppendSession                     0x08001a33   Thumb Code   118  eeprom.o(i.EEPROM_AppendSession)
    EEPROM_ClearSessionLog                   0x08001beb   Thumb Code    12  eeprom.o(i.EEPROM_ClearSessionLog)
    EEPROM_FindCardByUid                     0x08001c31   Thumb Code    36  eeprom.o(i.EEPROM_FindCardByUid)
    EEPROM_GetSessionByIndex                 0x08001d1d   Thumb Code   152  eeprom.o(i.EEPROM_GetSessionByIndex)
    EEPROM_GetSessionCount                   0x08001db5   Thumb Code    28  eeprom.o(i.EEPROM_GetSessionCount)
    EEPROM_Init                              0x08001dd1   Thumb Code    40  eeprom.o(i.EEPROM_Init)
    EEPROM_LoadDefaultRecord                 0x08001df9   Thumb Code    54  eeprom.o(i.EEPROM_LoadDefaultRecord)
    EEPROM_SaveCardRecord                    0x08001faf   Thumb Code   100  eeprom.o(i.EEPROM_SaveCardRecord)
    Error_Handler                            0x08002145   Thumb Code     6  main.o(i.Error_Handler)
    GUI_HMI_ClearRxBuffer                    0x0800214d   Thumb Code    22  gui.o(i.GUI_HMI_ClearRxBuffer)
    GUI_HMI_FetchSetParam                    0x08002171   Thumb Code    52  gui.o(i.GUI_HMI_FetchSetParam)
    GUI_HMI_FetchStartCommand                0x080021b5   Thumb Code    20  gui.o(i.GUI_HMI_FetchStartCommand)
    GUI_HMI_FetchStopCommand                 0x080021cd   Thumb Code    20  gui.o(i.GUI_HMI_FetchStopCommand)
    GUI_HMI_GetCachedParam                   0x080021e5   Thumb Code    56  gui.o(i.GUI_HMI_GetCachedParam)
    GUI_HMI_Init                             0x08002229   Thumb Code    34  gui.o(i.GUI_HMI_Init)
    GUI_HMI_RxByteCallback                   0x08002405   Thumb Code    50  gui.o(i.GUI_HMI_RxByteCallback)
    GUI_HMI_SendCmd                          0x0800245d   Thumb Code    42  gui.o(i.GUI_HMI_SendCmd)
    GUI_HMI_SetValue                         0x0800249d   Thumb Code    38  gui.o(i.GUI_HMI_SetValue)
    GUI_HMI_Task                             0x080024d1   Thumb Code     2  gui.o(i.GUI_HMI_Task)
    GUI_Print                                0x080024d5   Thumb Code    40  gui.o(i.GUI_Print)
    GUI_PrintHex                             0x08002505   Thumb Code   144  gui.o(i.GUI_PrintHex)
    GUI_Printf                               0x080025a9   Thumb Code    76  gui.o(i.GUI_Printf)
    HAL_ADC_ConfigChannel                    0x080025fd   Thumb Code   380  stm32f4xx_hal_adc.o(i.HAL_ADC_ConfigChannel)
    HAL_ADC_GetValue                         0x08002789   Thumb Code     8  stm32f4xx_hal_adc.o(i.HAL_ADC_GetValue)
    HAL_ADC_Init                             0x08002791   Thumb Code   100  stm32f4xx_hal_adc.o(i.HAL_ADC_Init)
    HAL_ADC_MspInit                          0x080027f9   Thumb Code   114  adc.o(i.HAL_ADC_MspInit)
    HAL_ADC_PollForConversion                0x08002879   Thumb Code   206  stm32f4xx_hal_adc.o(i.HAL_ADC_PollForConversion)
    HAL_ADC_Start                            0x08002949   Thumb Code   308  stm32f4xx_hal_adc.o(i.HAL_ADC_Start)
    HAL_ADC_Stop                             0x08002a95   Thumb Code    72  stm32f4xx_hal_adc.o(i.HAL_ADC_Stop)
    HAL_DMA_Abort                            0x08002add   Thumb Code   172  stm32f4xx_hal_dma.o(i.HAL_DMA_Abort)
    HAL_DMA_Abort_IT                         0x08002b89   Thumb Code    40  stm32f4xx_hal_dma.o(i.HAL_DMA_Abort_IT)
    HAL_Delay                                0x08002bb1   Thumb Code    36  stm32f4xx_hal.o(i.HAL_Delay)
    HAL_GPIO_Init                            0x08002bd9   Thumb Code   454  stm32f4xx_hal_gpio.o(i.HAL_GPIO_Init)
    HAL_GPIO_ReadPin                         0x08002dcd   Thumb Code    16  stm32f4xx_hal_gpio.o(i.HAL_GPIO_ReadPin)
    HAL_GPIO_WritePin                        0x08002ddd   Thumb Code    12  stm32f4xx_hal_gpio.o(i.HAL_GPIO_WritePin)
    HAL_GetTick                              0x08002de9   Thumb Code     6  stm32f4xx_hal.o(i.HAL_GetTick)
    HAL_I2C_Init                             0x08002df5   Thumb Code   446  stm32f4xx_hal_i2c.o(i.HAL_I2C_Init)
    HAL_I2C_IsDeviceReady                    0x08002fc5   Thumb Code   430  stm32f4xx_hal_i2c.o(i.HAL_I2C_IsDeviceReady)
    HAL_I2C_Master_Receive                   0x0800317d   Thumb Code   766  stm32f4xx_hal_i2c.o(i.HAL_I2C_Master_Receive)
    HAL_I2C_Master_Transmit                  0x08003489   Thumb Code   360  stm32f4xx_hal_i2c.o(i.HAL_I2C_Master_Transmit)
    HAL_I2C_Mem_Read                         0x080035f9   Thumb Code   762  stm32f4xx_hal_i2c.o(i.HAL_I2C_Mem_Read)
    HAL_I2C_Mem_Write                        0x08003901   Thumb Code   348  stm32f4xx_hal_i2c.o(i.HAL_I2C_Mem_Write)
    HAL_I2C_MspInit                          0x08003a65   Thumb Code   228  i2c.o(i.HAL_I2C_MspInit)
    HAL_IncTick                              0x08003b59   Thumb Code    16  stm32f4xx_hal.o(i.HAL_IncTick)
    HAL_Init                                 0x08003b71   Thumb Code    54  stm32f4xx_hal.o(i.HAL_Init)
    HAL_InitTick                             0x08003bad   Thumb Code    64  stm32f4xx_hal.o(i.HAL_InitTick)
    HAL_MspInit                              0x08003bf9   Thumb Code    68  stm32f4xx_hal_msp.o(i.HAL_MspInit)
    HAL_NVIC_EnableIRQ                       0x08003c41   Thumb Code    40  stm32f4xx_hal_cortex.o(i.HAL_NVIC_EnableIRQ)
    HAL_NVIC_SetPriority                     0x08003c69   Thumb Code   124  stm32f4xx_hal_cortex.o(i.HAL_NVIC_SetPriority)
    HAL_NVIC_SetPriorityGrouping             0x08003ce5   Thumb Code    32  stm32f4xx_hal_cortex.o(i.HAL_NVIC_SetPriorityGrouping)
    HAL_RCC_ClockConfig                      0x08003d0d   Thumb Code   368  stm32f4xx_hal_rcc.o(i.HAL_RCC_ClockConfig)
    HAL_RCC_GetHCLKFreq                      0x08003e91   Thumb Code     6  stm32f4xx_hal_rcc.o(i.HAL_RCC_GetHCLKFreq)
    HAL_RCC_GetPCLK1Freq                     0x08003e9d   Thumb Code    22  stm32f4xx_hal_rcc.o(i.HAL_RCC_GetPCLK1Freq)
    HAL_RCC_GetPCLK2Freq                     0x08003ebd   Thumb Code    22  stm32f4xx_hal_rcc.o(i.HAL_RCC_GetPCLK2Freq)
    HAL_RCC_GetSysClockFreq                  0x08003edd   Thumb Code   162  stm32f4xx_hal_rcc.o(i.HAL_RCC_GetSysClockFreq)
    HAL_RCC_OscConfig                        0x08003f8d   Thumb Code  1172  stm32f4xx_hal_rcc.o(i.HAL_RCC_OscConfig)
    HAL_SPI_Init                             0x08004429   Thumb Code   200  stm32f4xx_hal_spi.o(i.HAL_SPI_Init)
    HAL_SPI_MspInit                          0x080044f1   Thumb Code   122  spi.o(i.HAL_SPI_MspInit)
    HAL_SPI_Receive                          0x08004579   Thumb Code   386  stm32f4xx_hal_spi.o(i.HAL_SPI_Receive)
    HAL_SPI_Transmit                         0x080046fb   Thumb Code   446  stm32f4xx_hal_spi.o(i.HAL_SPI_Transmit)
    HAL_SPI_TransmitReceive                  0x080048b9   Thumb Code   584  stm32f4xx_hal_spi.o(i.HAL_SPI_TransmitReceive)
    HAL_SYSTICK_Config                       0x08004b01   Thumb Code    52  stm32f4xx_hal_cortex.o(i.HAL_SYSTICK_Config)
    HAL_UARTEx_RxEventCallback               0x08004b35   Thumb Code     2  stm32f4xx_hal_uart.o(i.HAL_UARTEx_RxEventCallback)
    HAL_UART_ErrorCallback                   0x08004b39   Thumb Code    36  drv_ble.o(i.HAL_UART_ErrorCallback)
    HAL_UART_IRQHandler                      0x08004b61   Thumb Code   772  stm32f4xx_hal_uart.o(i.HAL_UART_IRQHandler)
    HAL_UART_Init                            0x08004e69   Thumb Code   118  stm32f4xx_hal_uart.o(i.HAL_UART_Init)
    HAL_UART_MspInit                         0x08004ee1   Thumb Code   386  usart.o(i.HAL_UART_MspInit)
    HAL_UART_Receive_IT                      0x08005081   Thumb Code    44  stm32f4xx_hal_uart.o(i.HAL_UART_Receive_IT)
    HAL_UART_RxCpltCallback                  0x080050ad   Thumb Code    36  drv_ble.o(i.HAL_UART_RxCpltCallback)
    HAL_UART_Transmit                        0x080050d9   Thumb Code   190  stm32f4xx_hal_uart.o(i.HAL_UART_Transmit)
    HAL_UART_TxCpltCallback                  0x08005197   Thumb Code     2  stm32f4xx_hal_uart.o(i.HAL_UART_TxCpltCallback)
    HEATER_GetPhase                          0x08005199   Thumb Code     6  heater.o(i.HEATER_GetPhase)
    HEATER_Init                              0x080051a5   Thumb Code   100  heater.o(i.HEATER_Init)
    HEATER_RunStart                          0x08005229   Thumb Code    60  heater.o(i.HEATER_RunStart)
    HEATER_RunStop                           0x08005281   Thumb Code    38  heater.o(i.HEATER_RunStop)
    HEATER_Task                              0x080052ed   Thumb Code    78  heater.o(i.HEATER_Task)
    HEATER_Update                            0x08005349   Thumb Code   288  heater.o(i.HEATER_Update)
    HardFault_Handler                        0x08005481   Thumb Code     4  stm32f4xx_it.o(i.HardFault_Handler)
    MX_ADC1_Init                             0x08005f29   Thumb Code   100  adc.o(i.MX_ADC1_Init)
    MX_GPIO_Init                             0x08005f99   Thumb Code   262  gpio.o(i.MX_GPIO_Init)
    MX_I2C1_Init                             0x080060ad   Thumb Code    48  i2c.o(i.MX_I2C1_Init)
    MX_I2C2_Init                             0x080060e9   Thumb Code    48  i2c.o(i.MX_I2C2_Init)
    MX_SPI1_Init                             0x08006125   Thumb Code    60  spi.o(i.MX_SPI1_Init)
    MX_UART4_Init                            0x08006169   Thumb Code    46  usart.o(i.MX_UART4_Init)
    MX_USART2_UART_Init                      0x080061a1   Thumb Code    46  usart.o(i.MX_USART2_UART_Init)
    MX_USART3_UART_Init                      0x080061d9   Thumb Code    46  usart.o(i.MX_USART3_UART_Init)
    MemManage_Handler                        0x08006211   Thumb Code     4  stm32f4xx_it.o(i.MemManage_Handler)
    NFC_FetchNewCard                         0x08006215   Thumb Code    52  nfc.o(i.NFC_FetchNewCard)
    NFC_Init                                 0x08006255   Thumb Code   278  nfc.o(i.NFC_Init)
    NFC_IsReady                              0x080065fd   Thumb Code     6  nfc.o(i.NFC_IsReady)
    NFC_Task                                 0x08006609   Thumb Code   150  nfc.o(i.NFC_Task)
    NMI_Handler                              0x08006705   Thumb Code     4  stm32f4xx_it.o(i.NMI_Handler)
    PRESSURE_GetAdcValue                     0x08006a0d   Thumb Code     6  pressure.o(i.PRESSURE_GetAdcValue)
    PRESSURE_GetRemainMinutes                0x08006a19   Thumb Code    56  pressure.o(i.PRESSURE_GetRemainMinutes)
    PRESSURE_Init                            0x08006a5d   Thumb Code    36  pressure.o(i.PRESSURE_Init)
    PRESSURE_IsOccupied                      0x08006aa1   Thumb Code     6  pressure.o(i.PRESSURE_IsOccupied)
    PRESSURE_RunStart                        0x08006af9   Thumb Code    54  pressure.o(i.PRESSURE_RunStart)
    PRESSURE_RunStop                         0x08006b51   Thumb Code    36  pressure.o(i.PRESSURE_RunStop)
    PRESSURE_Task                            0x08006b95   Thumb Code   170  pressure.o(i.PRESSURE_Task)
    PendSV_Handler                           0x08006c5d   Thumb Code     2  stm32f4xx_it.o(i.PendSV_Handler)
    SVC_Handler                              0x08006e55   Thumb Code     2  stm32f4xx_it.o(i.SVC_Handler)
    SysTick_Handler                          0x08006e57   Thumb Code     8  stm32f4xx_it.o(i.SysTick_Handler)
    SystemClock_Config                       0x08006e61   Thumb Code   170  main.o(i.SystemClock_Config)
    SystemInit                               0x08006f15   Thumb Code    14  system_stm32f4xx.o(i.SystemInit)
    T_Init                                   0x08006f29   Thumb Code    76  t.o(i.T_Init)
    T_ReadTemperatureX10                     0x08007015   Thumb Code   160  t.o(i.T_ReadTemperatureX10)
    UART4_IRQHandler                         0x080070b9   Thumb Code    40  stm32f4xx_it.o(i.UART4_IRQHandler)
    UART_Start_Receive_IT                    0x080074b1   Thumb Code    64  stm32f4xx_hal_uart.o(i.UART_Start_Receive_IT)
    USART2_IRQHandler                        0x080075dd   Thumb Code    10  stm32f4xx_it.o(i.USART2_IRQHandler)
    USART3_IRQHandler                        0x080075ed   Thumb Code    10  stm32f4xx_it.o(i.USART3_IRQHandler)
    UsageFault_Handler                       0x080075fd   Thumb Code     4  stm32f4xx_it.o(i.UsageFault_Handler)
    VOICE_Init                               0x08007601   Thumb Code    32  voice.o(i.VOICE_Init)
    VOICE_PlayFile                           0x08007621   Thumb Code    54  voice.o(i.VOICE_PlayFile)
    __0snprintf                              0x080076dd   Thumb Code    48  printfa.o(i.__0snprintf)
    __1snprintf                              0x080076dd   Thumb Code     0  printfa.o(i.__0snprintf)
    __2snprintf                              0x080076dd   Thumb Code     0  printfa.o(i.__0snprintf)
    __c89snprintf                            0x080076dd   Thumb Code     0  printfa.o(i.__0snprintf)
    snprintf                                 0x080076dd   Thumb Code     0  printfa.o(i.__0snprintf)
    __0vsnprintf                             0x08007711   Thumb Code    46  printfa.o(i.__0vsnprintf)
    __1vsnprintf                             0x08007711   Thumb Code     0  printfa.o(i.__0vsnprintf)
    __2vsnprintf                             0x08007711   Thumb Code     0  printfa.o(i.__0vsnprintf)
    __c89vsnprintf                           0x08007711   Thumb Code     0  printfa.o(i.__0vsnprintf)
    vsnprintf                                0x08007711   Thumb Code     0  printfa.o(i.__0vsnprintf)
    __hardfp_sqrtf                           0x0800777d   Thumb Code    58  sqrtf.o(i.__hardfp_sqrtf)
    __scatterload_copy                       0x080077b7   Thumb Code    14  handlers.o(i.__scatterload_copy)
    __scatterload_null                       0x080077c5   Thumb Code     2  handlers.o(i.__scatterload_null)
    __scatterload_zeroinit                   0x080077c7   Thumb Code    14  handlers.o(i.__scatterload_zeroinit)
    __set_errno                              0x080077d5   Thumb Code     6  errno.o(i.__set_errno)
    main                                     0x0800830d   Thumb Code   468  main.o(i.main)
    AHBPrescTable                            0x08008578   Data          16  system_stm32f4xx.o(.constdata)
    APBPrescTable                            0x08008588   Data           8  system_stm32f4xx.o(.constdata)
    Region$$Table$$Base                      0x080085f0   Number         0  anon$$obj.o(Region$$Table)
    Region$$Table$$Limit                     0x08008610   Number         0  anon$$obj.o(Region$$Table)
    g_uart4_rx_byte                          0x20000028   Data           1  usart.o(.data)
    uwTick                                   0x2000002c   Data           4  stm32f4xx_hal.o(.data)
    uwTickPrio                               0x20000030   Data           4  stm32f4xx_hal.o(.data)
    uwTickFreq                               0x20000034   Data           1  stm32f4xx_hal.o(.data)
    SystemCoreClock                          0x20000038   Data           4  system_stm32f4xx.o(.data)
    hadc1                                    0x200000f0   Data          72  adc.o(.bss)
    hi2c1                                    0x20000138   Data          84  i2c.o(.bss)
    hi2c2                                    0x2000018c   Data          84  i2c.o(.bss)
    hspi1                                    0x200001e0   Data          88  spi.o(.bss)
    huart4                                   0x20000238   Data          72  usart.o(.bss)
    huart2                                   0x20000280   Data          72  usart.o(.bss)
    huart3                                   0x200002c8   Data          72  usart.o(.bss)
    __initial_sp                             0x200008a8   Data           0  startup_stm32f407xx.o(STACK)



==============================================================================

Memory Map of the image

  Image Entry point : 0x08000189

  Load Region LR_IROM1 (Base: 0x08000000, Size: 0x000086d0, Max: 0x00080000, ABSOLUTE)

    Execution Region ER_IROM1 (Exec base: 0x08000000, Load base: 0x08000000, Size: 0x00008610, Max: 0x00080000, ABSOLUTE)

    Exec Addr    Load Addr    Size         Type   Attr      Idx    E Section Name        Object

    0x08000000   0x08000000   0x00000188   Data   RO            3    RESET               startup_stm32f407xx.o
    0x08000188   0x08000188   0x00000000   Code   RO         4687  * .ARM.Collect$$$$00000000  mc_w.l(entry.o)
    0x08000188   0x08000188   0x00000004   Code   RO         4963    .ARM.Collect$$$$00000001  mc_w.l(entry2.o)
    0x0800018c   0x0800018c   0x00000004   Code   RO         4966    .ARM.Collect$$$$00000004  mc_w.l(entry5.o)
    0x08000190   0x08000190   0x00000000   Code   RO         4968    .ARM.Collect$$$$00000008  mc_w.l(entry7b.o)
    0x08000190   0x08000190   0x00000000   Code   RO         4970    .ARM.Collect$$$$0000000A  mc_w.l(entry8b.o)
    0x08000190   0x08000190   0x00000008   Code   RO         4971    .ARM.Collect$$$$0000000B  mc_w.l(entry9a.o)
    0x08000198   0x08000198   0x00000004   Code   RO         4978    .ARM.Collect$$$$0000000E  mc_w.l(entry12b.o)
    0x0800019c   0x0800019c   0x00000000   Code   RO         4973    .ARM.Collect$$$$0000000F  mc_w.l(entry10a.o)
    0x0800019c   0x0800019c   0x00000000   Code   RO         4975    .ARM.Collect$$$$00000011  mc_w.l(entry11a.o)
    0x0800019c   0x0800019c   0x00000004   Code   RO         4964    .ARM.Collect$$$$00002712  mc_w.l(entry2.o)
    0x080001a0   0x080001a0   0x00000024   Code   RO            4    .text               startup_stm32f407xx.o
    0x080001c4   0x080001c4   0x00000062   Code   RO         4690    .text               mc_w.l(uldiv.o)
    0x08000226   0x08000226   0x00000024   Code   RO         4692    .text               mc_w.l(memcpya.o)
    0x0800024a   0x0800024a   0x00000024   Code   RO         4694    .text               mc_w.l(memseta.o)
    0x0800026e   0x0800026e   0x0000000e   Code   RO         4696    .text               mc_w.l(strlen.o)
    0x0800027c   0x0800027c   0x0000001a   Code   RO         4698    .text               mc_w.l(memcmp.o)
    0x08000296   0x08000296   0x0000002c   Code   RO         4982    .text               mc_w.l(uidiv.o)
    0x080002c2   0x080002c2   0x0000001e   Code   RO         4984    .text               mc_w.l(llshl.o)
    0x080002e0   0x080002e0   0x00000020   Code   RO         4986    .text               mc_w.l(llushr.o)
    0x08000300   0x08000300   0x00000000   Code   RO         4995    .text               mc_w.l(iusefp.o)
    0x08000300   0x08000300   0x0000014e   Code   RO         4996    .text               mf_w.l(dadd.o)
    0x0800044e   0x0800044e   0x000000e4   Code   RO         4998    .text               mf_w.l(dmul.o)
    0x08000532   0x08000532   0x000000de   Code   RO         5000    .text               mf_w.l(ddiv.o)
    0x08000610   0x08000610   0x00000030   Code   RO         5002    .text               mf_w.l(dfixul.o)
    0x08000640   0x08000640   0x00000030   Code   RO         5004    .text               mf_w.l(cdrcmple.o)
    0x08000670   0x08000670   0x00000024   Code   RO         5006    .text               mc_w.l(init.o)
    0x08000694   0x08000694   0x00000024   Code   RO         5009    .text               mc_w.l(llsshr.o)
    0x080006b8   0x080006b8   0x000000ba   Code   RO         5012    .text               mf_w.l(depilogue.o)
    0x08000772   0x08000772   0x00000002   PAD
    0x08000774   0x08000774   0x00000160   Code   RO          783    i.ADC_Init          stm32f4xx_hal_adc.o
    0x080008d4   0x080008d4   0x00000070   Code   RO           13    i.APP_ApplyCachedGuiParam  main.o
    0x08000944   0x08000944   0x000000c0   Code   RO           14    i.APP_BleApplyState  main.o
    0x08000a04   0x08000a04   0x00000020   Code   RO           15    i.APP_BleReportStatus  main.o
    0x08000a24   0x08000a24   0x00000060   Code   RO           16    i.APP_BleSaveState  main.o
    0x08000a84   0x08000a84   0x000000f8   Code   RO           17    i.APP_BleSyncFromApp  main.o
    0x08000b7c   0x08000b7c   0x00000024   Code   RO           18    i.APP_ClearSessions  main.o
    0x08000ba0   0x08000ba0   0x0000003c   Code   RO           19    i.APP_EnsureActiveUid  main.o
    0x08000bdc   0x08000bdc   0x00000060   Code   RO           20    i.APP_FinishRun     main.o
    0x08000c3c   0x08000c3c   0x0000001e   Code   RO           21    i.APP_GetEpoch      main.o
    0x08000c5a   0x08000c5a   0x00000034   Code   RO           22    i.APP_GetSession    main.o
    0x08000c8e   0x08000c8e   0x00000008   Code   RO           23    i.APP_GetSessionCount  main.o
    0x08000c96   0x08000c96   0x0000002c   Code   RO           24    i.APP_LoadCardRecord  main.o
    0x08000cc2   0x08000cc2   0x00000002   PAD
    0x08000cc4   0x08000cc4   0x00000038   Code   RO           25    i.APP_PauseRun      main.o
    0x08000cfc   0x08000cfc   0x00000084   Code   RO           26    i.APP_ResumeRun     main.o
    0x08000d80   0x08000d80   0x00000100   Code   RO           27    i.APP_RunTask       main.o
    0x08000e80   0x08000e80   0x00000016   Code   RO           28    i.APP_SaveCardParam  main.o
    0x08000e96   0x08000e96   0x00000002   PAD
    0x08000e98   0x08000e98   0x00000080   Code   RO           29    i.APP_SaveCardParamEx  main.o
    0x08000f18   0x08000f18   0x0000007c   Code   RO           30    i.APP_SessionEnd    main.o
    0x08000f94   0x08000f94   0x00000038   Code   RO           31    i.APP_SessionPause  main.o
    0x08000fcc   0x08000fcc   0x00000024   Code   RO           32    i.APP_SessionResume  main.o
    0x08000ff0   0x08000ff0   0x00000024   Code   RO           33    i.APP_SessionStart  main.o
    0x08001014   0x08001014   0x0000004c   Code   RO           34    i.APP_ShowCardParamPage  main.o
    0x08001060   0x08001060   0x0000003c   Code   RO           35    i.APP_ShowUidNumber  main.o
    0x0800109c   0x0800109c   0x00000012   Code   RO           36    i.APP_StartRun      main.o
    0x080010ae   0x080010ae   0x00000002   PAD
    0x080010b0   0x080010b0   0x00000104   Code   RO           37    i.APP_StartRunFromBle  main.o
    0x080011b4   0x080011b4   0x00000078   Code   RO           38    i.APP_StopRun       main.o
    0x0800122c   0x0800122c   0x00000008   Code   RO         4488    i.AppBle_GetEpoch   app_ble.o
    0x08001234   0x08001234   0x0000000c   Code   RO         4489    i.AppBle_Init       app_ble.o
    0x08001240   0x08001240   0x00000008   Code   RO         4490    i.AppBle_Process    app_ble.o
    0x08001248   0x08001248   0x000001c8   Code   RO         4491    i.AppBle_ProcessCommands  app_ble.o
    0x08001410   0x08001410   0x00000012   Code   RO         4492    i.AppBle_SendStatus  app_ble.o
    0x08001422   0x08001422   0x000000ea   Code   RO         4415    i.AppState_ApplyCommand  app_state.o
    0x0800150c   0x0800150c   0x00000024   Code   RO         4417    i.AppState_Init     app_state.o
    0x08001530   0x08001530   0x00000010   Code   RO         4418    i.AppState_Start    app_state.o
    0x08001540   0x08001540   0x0000000c   Code   RO         4419    i.AppState_Stop     app_state.o
    0x0800154c   0x0800154c   0x0000008e   Code   RO         4420    i.AppState_UpdateMeasuredTemp  app_state.o
    0x080015da   0x080015da   0x00000002   PAD
    0x080015dc   0x080015dc   0x00000044   Code   RO         4300    i.BLE_Drv_GetDebugStats  drv_ble.o
    0x08001620   0x08001620   0x0000002c   Code   RO         4301    i.BLE_Drv_GetNextCommand  drv_ble.o
    0x0800164c   0x0800164c   0x00000070   Code   RO         4302    i.BLE_Drv_Init      drv_ble.o
    0x080016bc   0x080016bc   0x00000108   Code   RO         4303    i.BLE_Drv_Process   drv_ble.o
    0x080017c4   0x080017c4   0x0000001a   Code   RO         4304    i.BLE_Drv_SendAck   drv_ble.o
    0x080017de   0x080017de   0x00000066   Code   RO         4306    i.BLE_Drv_SendSession  drv_ble.o
    0x08001844   0x08001844   0x0000000e   Code   RO         4307    i.BLE_Drv_SendSessionCount  drv_ble.o
    0x08001852   0x08001852   0x00000108   Code   RO         4308    i.BLE_Drv_SendStatus  drv_ble.o
    0x0800195a   0x0800195a   0x00000058   Code   RO         4262    i.BLE_Protocol_BuildFrame  ble_protocol.o
    0x080019b2   0x080019b2   0x0000007a   Code   RO         4263    i.BLE_Protocol_TryParse  ble_protocol.o
    0x08001a2c   0x08001a2c   0x00000004   Code   RO          662    i.BusFault_Handler  stm32f4xx_it.o
    0x08001a30   0x08001a30   0x00000002   Code   RO          663    i.DebugMon_Handler  stm32f4xx_it.o
    0x08001a32   0x08001a32   0x00000076   Code   RO         3852    i.EEPROM_AppendSession  eeprom.o
    0x08001aa8   0x08001aa8   0x0000005c   Code   RO         3853    i.EEPROM_BufferToRecord  eeprom.o
    0x08001b04   0x08001b04   0x00000040   Code   RO         3854    i.EEPROM_BufferToSession  eeprom.o
    0x08001b44   0x08001b44   0x00000046   Code   RO         3855    i.EEPROM_CalcBufferCheck  eeprom.o
    0x08001b8a   0x08001b8a   0x00000042   Code   RO         3856    i.EEPROM_CalcRecordCheck  eeprom.o
    0x08001bcc   0x08001bcc   0x0000001e   Code   RO         3857    i.EEPROM_CalcSessionCheck  eeprom.o
    0x08001bea   0x08001bea   0x0000000c   Code   RO         3859    i.EEPROM_ClearSessionLog  eeprom.o
    0x08001bf6   0x08001bf6   0x0000003a   Code   RO         3860    i.EEPROM_CountValidRecords  eeprom.o
    0x08001c30   0x08001c30   0x00000024   Code   RO         3861    i.EEPROM_FindCardByUid  eeprom.o
    0x08001c54   0x08001c54   0x00000040   Code   RO         3862    i.EEPROM_FindFirstEmptyIndex  eeprom.o
    0x08001c94   0x08001c94   0x00000072   Code   RO         3863    i.EEPROM_FindRecordIndexByUid  eeprom.o
    0x08001d06   0x08001d06   0x0000000a   Code   RO         3865    i.EEPROM_GetRecordAddr  eeprom.o
    0x08001d10   0x08001d10   0x0000000c   Code   RO         3866    i.EEPROM_GetSessionAddr  eeprom.o
    0x08001d1c   0x08001d1c   0x00000098   Code   RO         3867    i.EEPROM_GetSessionByIndex  eeprom.o
    0x08001db4   0x08001db4   0x0000001c   Code   RO         3868    i.EEPROM_GetSessionCount  eeprom.o
    0x08001dd0   0x08001dd0   0x00000028   Code   RO         3869    i.EEPROM_Init       eeprom.o
    0x08001df8   0x08001df8   0x00000036   Code   RO         3870    i.EEPROM_LoadDefaultRecord  eeprom.o
    0x08001e2e   0x08001e2e   0x00000002   PAD
    0x08001e30   0x08001e30   0x0000002c   Code   RO         3871    i.EEPROM_ReadBytes  eeprom.o
    0x08001e5c   0x08001e5c   0x00000050   Code   RO         3872    i.EEPROM_ReadCardCountRaw  eeprom.o
    0x08001eac   0x08001eac   0x0000006e   Code   RO         3873    i.EEPROM_ReadSessionInfo  eeprom.o
    0x08001f1a   0x08001f1a   0x0000003c   Code   RO         3874    i.EEPROM_RecordBufferIsValid  eeprom.o
    0x08001f56   0x08001f56   0x00000058   Code   RO         3875    i.EEPROM_RecordToBuffer  eeprom.o
    0x08001fae   0x08001fae   0x00000064   Code   RO         3876    i.EEPROM_SaveCardRecord  eeprom.o
    0x08002012   0x08002012   0x0000005e   Code   RO         3877    i.EEPROM_SessionToBuffer  eeprom.o
    0x08002070   0x08002070   0x00000022   Code   RO         3878    i.EEPROM_SetCardCount  eeprom.o
    0x08002092   0x08002092   0x0000002e   Code   RO         3879    i.EEPROM_UidMatch   eeprom.o
    0x080020c0   0x080020c0   0x00000018   Code   RO         3880    i.EEPROM_WaitReady  eeprom.o
    0x080020d8   0x080020d8   0x00000038   Code   RO         3881    i.EEPROM_WriteBytes  eeprom.o
    0x08002110   0x08002110   0x00000034   Code   RO         3882    i.EEPROM_WriteSessionInfo  eeprom.o
    0x08002144   0x08002144   0x00000006   Code   RO           39    i.Error_Handler     main.o
    0x0800214a   0x0800214a   0x00000002   PAD
    0x0800214c   0x0800214c   0x00000024   Code   RO         3482    i.GUI_HMI_ClearRxBuffer  gui.o
    0x08002170   0x08002170   0x00000044   Code   RO         3483    i.GUI_HMI_FetchSetParam  gui.o
    0x080021b4   0x080021b4   0x00000018   Code   RO         3484    i.GUI_HMI_FetchStartCommand  gui.o
    0x080021cc   0x080021cc   0x00000018   Code   RO         3485    i.GUI_HMI_FetchStopCommand  gui.o
    0x080021e4   0x080021e4   0x00000044   Code   RO         3486    i.GUI_HMI_GetCachedParam  gui.o
    0x08002228   0x08002228   0x00000040   Code   RO         3490    i.GUI_HMI_Init      gui.o
    0x08002268   0x08002268   0x00000160   Code   RO         3491    i.GUI_HMI_ParseByte  gui.o
    0x080023c8   0x080023c8   0x0000003c   Code   RO         3492    i.GUI_HMI_ResetParser  gui.o
    0x08002404   0x08002404   0x00000040   Code   RO         3493    i.GUI_HMI_RxByteCallback  gui.o
    0x08002444   0x08002444   0x00000018   Code   RO         3494    i.GUI_HMI_SendByte  gui.o
    0x0800245c   0x0800245c   0x0000002a   Code   RO         3495    i.GUI_HMI_SendCmd   gui.o
    0x08002486   0x08002486   0x00000016   Code   RO         3496    i.GUI_HMI_SendTerminator  gui.o
    0x0800249c   0x0800249c   0x00000034   Code   RO         3499    i.GUI_HMI_SetValue  gui.o
    0x080024d0   0x080024d0   0x00000002   Code   RO         3500    i.GUI_HMI_Task      gui.o
    0x080024d2   0x080024d2   0x00000002   PAD
    0x080024d4   0x080024d4   0x00000030   Code   RO         3501    i.GUI_Print         gui.o
    0x08002504   0x08002504   0x000000a4   Code   RO         3502    i.GUI_PrintHex      gui.o
    0x080025a8   0x080025a8   0x00000054   Code   RO         3503    i.GUI_Printf        gui.o
    0x080025fc   0x080025fc   0x0000018c   Code   RO          785    i.HAL_ADC_ConfigChannel  stm32f4xx_hal_adc.o
    0x08002788   0x08002788   0x00000008   Code   RO          792    i.HAL_ADC_GetValue  stm32f4xx_hal_adc.o
    0x08002790   0x08002790   0x00000068   Code   RO          794    i.HAL_ADC_Init      stm32f4xx_hal_adc.o
    0x080027f8   0x080027f8   0x00000080   Code   RO          476    i.HAL_ADC_MspInit   adc.o
    0x08002878   0x08002878   0x000000ce   Code   RO          798    i.HAL_ADC_PollForConversion  stm32f4xx_hal_adc.o
    0x08002946   0x08002946   0x00000002   PAD
    0x08002948   0x08002948   0x0000014c   Code   RO          800    i.HAL_ADC_Start     stm32f4xx_hal_adc.o
    0x08002a94   0x08002a94   0x00000048   Code   RO          803    i.HAL_ADC_Stop      stm32f4xx_hal_adc.o
    0x08002adc   0x08002adc   0x000000ac   Code   RO         1562    i.HAL_DMA_Abort     stm32f4xx_hal_dma.o
    0x08002b88   0x08002b88   0x00000028   Code   RO         1563    i.HAL_DMA_Abort_IT  stm32f4xx_hal_dma.o
    0x08002bb0   0x08002bb0   0x00000028   Code   RO         2004    i.HAL_Delay         stm32f4xx_hal.o
    0x08002bd8   0x08002bd8   0x000001f4   Code   RO         1455    i.HAL_GPIO_Init     stm32f4xx_hal_gpio.o
    0x08002dcc   0x08002dcc   0x00000010   Code   RO         1457    i.HAL_GPIO_ReadPin  stm32f4xx_hal_gpio.o
    0x08002ddc   0x08002ddc   0x0000000c   Code   RO         1459    i.HAL_GPIO_WritePin  stm32f4xx_hal_gpio.o
    0x08002de8   0x08002de8   0x0000000c   Code   RO         2010    i.HAL_GetTick       stm32f4xx_hal.o
    0x08002df4   0x08002df4   0x000001d0   Code   RO         2266    i.HAL_I2C_Init      stm32f4xx_hal_i2c.o
    0x08002fc4   0x08002fc4   0x000001b8   Code   RO         2267    i.HAL_I2C_IsDeviceReady  stm32f4xx_hal_i2c.o
    0x0800317c   0x0800317c   0x0000030c   Code   RO         2272    i.HAL_I2C_Master_Receive  stm32f4xx_hal_i2c.o
    0x08003488   0x08003488   0x00000170   Code   RO         2279    i.HAL_I2C_Master_Transmit  stm32f4xx_hal_i2c.o
    0x080035f8   0x080035f8   0x00000308   Code   RO         2284    i.HAL_I2C_Mem_Read  stm32f4xx_hal_i2c.o
    0x08003900   0x08003900   0x00000164   Code   RO         2287    i.HAL_I2C_Mem_Write  stm32f4xx_hal_i2c.o
    0x08003a64   0x08003a64   0x000000f4   Code   RO          518    i.HAL_I2C_MspInit   i2c.o
    0x08003b58   0x08003b58   0x00000018   Code   RO         2016    i.HAL_IncTick       stm32f4xx_hal.o
    0x08003b70   0x08003b70   0x0000003c   Code   RO         2017    i.HAL_Init          stm32f4xx_hal.o
    0x08003bac   0x08003bac   0x0000004c   Code   RO         2018    i.HAL_InitTick      stm32f4xx_hal.o
    0x08003bf8   0x08003bf8   0x00000048   Code   RO          756    i.HAL_MspInit       stm32f4xx_hal_msp.o
    0x08003c40   0x08003c40   0x00000028   Code   RO         1847    i.HAL_NVIC_EnableIRQ  stm32f4xx_hal_cortex.o
    0x08003c68   0x08003c68   0x0000007c   Code   RO         1853    i.HAL_NVIC_SetPriority  stm32f4xx_hal_cortex.o
    0x08003ce4   0x08003ce4   0x00000028   Code   RO         1854    i.HAL_NVIC_SetPriorityGrouping  stm32f4xx_hal_cortex.o
    0x08003d0c   0x08003d0c   0x00000184   Code   RO         1056    i.HAL_RCC_ClockConfig  stm32f4xx_hal_rcc.o
    0x08003e90   0x08003e90   0x0000000c   Code   RO         1061    i.HAL_RCC_GetHCLKFreq  stm32f4xx_hal_rcc.o
    0x08003e9c   0x08003e9c   0x00000020   Code   RO         1063    i.HAL_RCC_GetPCLK1Freq  stm32f4xx_hal_rcc.o
    0x08003ebc   0x08003ebc   0x00000020   Code   RO         1064    i.HAL_RCC_GetPCLK2Freq  stm32f4xx_hal_rcc.o
    0x08003edc   0x08003edc   0x000000b0   Code   RO         1065    i.HAL_RCC_GetSysClockFreq  stm32f4xx_hal_rcc.o
    0x08003f8c   0x08003f8c   0x0000049c   Code   RO         1068    i.HAL_RCC_OscConfig  stm32f4xx_hal_rcc.o
    0x08004428   0x08004428   0x000000c8   Code   RO         2761    i.HAL_SPI_Init      stm32f4xx_hal_spi.o
    0x080044f0   0x080044f0   0x00000088   Code   RO          566    i.HAL_SPI_MspInit   spi.o
    0x08004578   0x08004578   0x00000182   Code   RO         2764    i.HAL_SPI_Receive   stm32f4xx_hal_spi.o
    0x080046fa   0x080046fa   0x000001be   Code   RO         2769    i.HAL_SPI_Transmit  stm32f4xx_hal_spi.o
    0x080048b8   0x080048b8   0x00000248   Code   RO         2770    i.HAL_SPI_TransmitReceive  stm32f4xx_hal_spi.o
    0x08004b00   0x08004b00   0x00000034   Code   RO         1858    i.HAL_SYSTICK_Config  stm32f4xx_hal_cortex.o
    0x08004b34   0x08004b34   0x00000002   Code   RO         3084    i.HAL_UARTEx_RxEventCallback  stm32f4xx_hal_uart.o
    0x08004b36   0x08004b36   0x00000002   PAD
    0x08004b38   0x08004b38   0x00000028   Code   RO         4309    i.HAL_UART_ErrorCallback  drv_ble.o
    0x08004b60   0x08004b60   0x00000308   Code   RO         3101    i.HAL_UART_IRQHandler  stm32f4xx_hal_uart.o
    0x08004e68   0x08004e68   0x00000076   Code   RO         3102    i.HAL_UART_Init     stm32f4xx_hal_uart.o
    0x08004ede   0x08004ede   0x00000002   PAD
    0x08004ee0   0x08004ee0   0x000001a0   Code   RO          608    i.HAL_UART_MspInit  usart.o
    0x08005080   0x08005080   0x0000002c   Code   RO         3107    i.HAL_UART_Receive_IT  stm32f4xx_hal_uart.o
    0x080050ac   0x080050ac   0x0000002c   Code   RO         4310    i.HAL_UART_RxCpltCallback  drv_ble.o
    0x080050d8   0x080050d8   0x000000be   Code   RO         3110    i.HAL_UART_Transmit  stm32f4xx_hal_uart.o
    0x08005196   0x08005196   0x00000002   Code   RO         3113    i.HAL_UART_TxCpltCallback  stm32f4xx_hal_uart.o
    0x08005198   0x08005198   0x0000000c   Code   RO         4187    i.HEATER_GetPhase   heater.o
    0x080051a4   0x080051a4   0x00000084   Code   RO         4188    i.HEATER_Init       heater.o
    0x08005228   0x08005228   0x00000058   Code   RO         4190    i.HEATER_RunStart   heater.o
    0x08005280   0x08005280   0x00000044   Code   RO         4191    i.HEATER_RunStop    heater.o
    0x080052c4   0x080052c4   0x00000028   Code   RO         4192    i.HEATER_SetOutput  heater.o
    0x080052ec   0x080052ec   0x0000005c   Code   RO         4193    i.HEATER_Task       heater.o
    0x08005348   0x08005348   0x00000138   Code   RO         4194    i.HEATER_Update     heater.o
    0x08005480   0x08005480   0x00000004   Code   RO          664    i.HardFault_Handler  stm32f4xx_it.o
    0x08005484   0x08005484   0x0000003e   Code   RO         2310    i.I2C_IsAcknowledgeFailed  stm32f4xx_hal_i2c.o
    0x080054c2   0x080054c2   0x00000002   PAD
    0x080054c4   0x080054c4   0x00000138   Code   RO         2313    i.I2C_MasterRequestRead  stm32f4xx_hal_i2c.o
    0x080055fc   0x080055fc   0x000000c0   Code   RO         2314    i.I2C_MasterRequestWrite  stm32f4xx_hal_i2c.o
    0x080056bc   0x080056bc   0x00000160   Code   RO         2321    i.I2C_RequestMemoryRead  stm32f4xx_hal_i2c.o
    0x0800581c   0x0800581c   0x000000e0   Code   RO         2322    i.I2C_RequestMemoryWrite  stm32f4xx_hal_i2c.o
    0x080058fc   0x080058fc   0x00000066   Code   RO         2330    i.I2C_WaitOnBTFFlagUntilTimeout  stm32f4xx_hal_i2c.o
    0x08005962   0x08005962   0x000000be   Code   RO         2331    i.I2C_WaitOnFlagUntilTimeout  stm32f4xx_hal_i2c.o
    0x08005a20   0x08005a20   0x000000fa   Code   RO         2332    i.I2C_WaitOnMasterAddressFlagUntilTimeout  stm32f4xx_hal_i2c.o
    0x08005b1a   0x08005b1a   0x0000008a   Code   RO         2333    i.I2C_WaitOnRXNEFlagUntilTimeout  stm32f4xx_hal_i2c.o
    0x08005ba4   0x08005ba4   0x00000066   Code   RO         2336    i.I2C_WaitOnTXEFlagUntilTimeout  stm32f4xx_hal_i2c.o
    0x08005c0a   0x08005c0a   0x00000002   PAD
    0x08005c0c   0x08005c0c   0x00000014   Code   RO         3735    i.MAX31865_CS_High  t.o
    0x08005c20   0x08005c20   0x00000014   Code   RO         3736    i.MAX31865_CS_Low   t.o
    0x08005c34   0x08005c34   0x00000032   Code   RO         3737    i.MAX31865_ClearFault  t.o
    0x08005c66   0x08005c66   0x00000002   PAD
    0x08005c68   0x08005c68   0x00000038   Code   RO         3740    i.MAX31865_RawToResistance  t.o
    0x08005ca0   0x08005ca0   0x00000014   Code   RO         3741    i.MAX31865_ReadFault  t.o
    0x08005cb4   0x08005cb4   0x00000086   Code   RO         3742    i.MAX31865_ReadRaw  t.o
    0x08005d3a   0x08005d3a   0x00000012   Code   RO         3743    i.MAX31865_ReadRegister  t.o
    0x08005d4c   0x08005d4c   0x00000054   Code   RO         3744    i.MAX31865_ReadRegisters  t.o
    0x08005da0   0x08005da0   0x00000108   Code   RO         3745    i.MAX31865_ResistanceToTemperature  t.o
    0x08005ea8   0x08005ea8   0x00000046   Code   RO         3746    i.MAX31865_SetWireMode3  t.o
    0x08005eee   0x08005eee   0x00000002   PAD
    0x08005ef0   0x08005ef0   0x00000038   Code   RO         3747    i.MAX31865_WriteRegister  t.o
    0x08005f28   0x08005f28   0x00000070   Code   RO          477    i.MX_ADC1_Init      adc.o
    0x08005f98   0x08005f98   0x00000114   Code   RO          346    i.MX_GPIO_Init      gpio.o
    0x080060ac   0x080060ac   0x0000003c   Code   RO          519    i.MX_I2C1_Init      i2c.o
    0x080060e8   0x080060e8   0x0000003c   Code   RO          520    i.MX_I2C2_Init      i2c.o
    0x08006124   0x08006124   0x00000044   Code   RO          567    i.MX_SPI1_Init      spi.o
    0x08006168   0x08006168   0x00000038   Code   RO          609    i.MX_UART4_Init     usart.o
    0x080061a0   0x080061a0   0x00000038   Code   RO          610    i.MX_USART2_UART_Init  usart.o
    0x080061d8   0x080061d8   0x00000038   Code   RO          611    i.MX_USART3_UART_Init  usart.o
    0x08006210   0x08006210   0x00000004   Code   RO          665    i.MemManage_Handler  stm32f4xx_it.o
    0x08006214   0x08006214   0x00000040   Code   RO         3645    i.NFC_FetchNewCard  nfc.o
    0x08006254   0x08006254   0x000003a8   Code   RO         3646    i.NFC_Init          nfc.o
    0x080065fc   0x080065fc   0x0000000c   Code   RO         3647    i.NFC_IsReady       nfc.o
    0x08006608   0x08006608   0x000000fc   Code   RO         3648    i.NFC_Task          nfc.o
    0x08006704   0x08006704   0x00000004   Code   RO          666    i.NMI_Handler       stm32f4xx_it.o
    0x08006708   0x08006708   0x000000a0   Code   RO         3649    i.PN532_GetFirmwareVersion  nfc.o
    0x080067a8   0x080067a8   0x00000090   Code   RO         3650    i.PN532_InListPassiveTarget  nfc.o
    0x08006838   0x08006838   0x0000004c   Code   RO         3651    i.PN532_ReadAck     nfc.o
    0x08006884   0x08006884   0x00000058   Code   RO         3652    i.PN532_ReadFrame   nfc.o
    0x080068dc   0x080068dc   0x00000058   Code   RO         3653    i.PN532_SAMConfiguration  nfc.o
    0x08006934   0x08006934   0x00000048   Code   RO         3654    i.PN532_WaitReady   nfc.o
    0x0800697c   0x0800697c   0x00000090   Code   RO         3655    i.PN532_WriteCommand  nfc.o
    0x08006a0c   0x08006a0c   0x0000000c   Code   RO         4113    i.PRESSURE_GetAdcValue  pressure.o
    0x08006a18   0x08006a18   0x00000044   Code   RO         4114    i.PRESSURE_GetRemainMinutes  pressure.o
    0x08006a5c   0x08006a5c   0x00000044   Code   RO         4115    i.PRESSURE_Init     pressure.o
    0x08006aa0   0x08006aa0   0x0000000c   Code   RO         4116    i.PRESSURE_IsOccupied  pressure.o
    0x08006aac   0x08006aac   0x0000004c   Code   RO         4117    i.PRESSURE_ReadOccupiedByAdc  pressure.o
    0x08006af8   0x08006af8   0x00000058   Code   RO         4118    i.PRESSURE_RunStart  pressure.o
    0x08006b50   0x08006b50   0x00000044   Code   RO         4119    i.PRESSURE_RunStop  pressure.o
    0x08006b94   0x08006b94   0x000000c8   Code   RO         4120    i.PRESSURE_Task     pressure.o
    0x08006c5c   0x08006c5c   0x00000002   Code   RO          667    i.PendSV_Handler    stm32f4xx_it.o
    0x08006c5e   0x08006c5e   0x00000094   Code   RO         2798    i.SPI_EndRxTransaction  stm32f4xx_hal_spi.o
    0x08006cf2   0x08006cf2   0x00000002   PAD
    0x08006cf4   0x08006cf4   0x00000088   Code   RO         2799    i.SPI_EndRxTxTransaction  stm32f4xx_hal_spi.o
    0x08006d7c   0x08006d7c   0x000000d8   Code   RO         2804    i.SPI_WaitFlagStateUntilTimeout  stm32f4xx_hal_spi.o
    0x08006e54   0x08006e54   0x00000002   Code   RO          668    i.SVC_Handler       stm32f4xx_it.o
    0x08006e56   0x08006e56   0x00000008   Code   RO          669    i.SysTick_Handler   stm32f4xx_it.o
    0x08006e5e   0x08006e5e   0x00000002   PAD
    0x08006e60   0x08006e60   0x000000b4   Code   RO           40    i.SystemClock_Config  main.o
    0x08006f14   0x08006f14   0x00000014   Code   RO         3446    i.SystemInit        system_stm32f4xx.o
    0x08006f28   0x08006f28   0x000000ec   Code   RO         3748    i.T_Init            t.o
    0x08007014   0x08007014   0x000000a4   Code   RO         3750    i.T_ReadTemperatureX10  t.o
    0x080070b8   0x080070b8   0x00000030   Code   RO          670    i.UART4_IRQHandler  stm32f4xx_it.o
    0x080070e8   0x080070e8   0x00000012   Code   RO         3115    i.UART_DMAAbortOnError  stm32f4xx_hal_uart.o
    0x080070fa   0x080070fa   0x0000006c   Code   RO         3125    i.UART_EndRxTransfer  stm32f4xx_hal_uart.o
    0x08007166   0x08007166   0x00000020   Code   RO         3126    i.UART_EndTransmit_IT  stm32f4xx_hal_uart.o
    0x08007186   0x08007186   0x000000fc   Code   RO         3128    i.UART_Receive_IT   stm32f4xx_hal_uart.o
    0x08007282   0x08007282   0x00000002   PAD
    0x08007284   0x08007284   0x0000022c   Code   RO         3129    i.UART_SetConfig    stm32f4xx_hal_uart.o
    0x080074b0   0x080074b0   0x00000040   Code   RO         3131    i.UART_Start_Receive_IT  stm32f4xx_hal_uart.o
    0x080074f0   0x080074f0   0x00000060   Code   RO         3132    i.UART_Transmit_IT  stm32f4xx_hal_uart.o
    0x08007550   0x08007550   0x0000008c   Code   RO         3133    i.UART_WaitOnFlagUntilTimeout  stm32f4xx_hal_uart.o
    0x080075dc   0x080075dc   0x00000010   Code   RO          671    i.USART2_IRQHandler  stm32f4xx_it.o
    0x080075ec   0x080075ec   0x00000010   Code   RO          672    i.USART3_IRQHandler  stm32f4xx_it.o
    0x080075fc   0x080075fc   0x00000004   Code   RO          673    i.UsageFault_Handler  stm32f4xx_it.o
    0x08007600   0x08007600   0x00000020   Code   RO         4038    i.VOICE_Init        voice.o
    0x08007620   0x08007620   0x00000036   Code   RO         4039    i.VOICE_PlayFile    voice.o
    0x08007656   0x08007656   0x00000002   PAD
    0x08007658   0x08007658   0x00000084   Code   RO         4041    i.VOICE_SendFrame   voice.o
    0x080076dc   0x080076dc   0x00000034   Code   RO         4936    i.__0snprintf       mc_w.l(printfa.o)
    0x08007710   0x08007710   0x00000034   Code   RO         4940    i.__0vsnprintf      mc_w.l(printfa.o)
    0x08007744   0x08007744   0x00000010   Code   RO         1860    i.__NVIC_GetPriorityGrouping  stm32f4xx_hal_cortex.o
    0x08007754   0x08007754   0x00000028   Code   RO         1861    i.__NVIC_SetPriority  stm32f4xx_hal_cortex.o
    0x0800777c   0x0800777c   0x0000003a   Code   RO         4675    i.__hardfp_sqrtf    m_wm.l(sqrtf.o)
    0x080077b6   0x080077b6   0x0000000e   Code   RO         5016    i.__scatterload_copy  mc_w.l(handlers.o)
    0x080077c4   0x080077c4   0x00000002   Code   RO         5017    i.__scatterload_null  mc_w.l(handlers.o)
    0x080077c6   0x080077c6   0x0000000e   Code   RO         5018    i.__scatterload_zeroinit  mc_w.l(handlers.o)
    0x080077d4   0x080077d4   0x0000000c   Code   RO         4990    i.__set_errno       mc_w.l(errno.o)
    0x080077e0   0x080077e0   0x00000184   Code   RO         4942    i._fp_digits        mc_w.l(printfa.o)
    0x08007964   0x08007964   0x000006b4   Code   RO         4943    i._printf_core      mc_w.l(printfa.o)
    0x08008018   0x08008018   0x00000024   Code   RO         4944    i._printf_post_padding  mc_w.l(printfa.o)
    0x0800803c   0x0800803c   0x0000002e   Code   RO         4945    i._printf_pre_padding  mc_w.l(printfa.o)
    0x0800806a   0x0800806a   0x00000016   Code   RO         4946    i._snputc           mc_w.l(printfa.o)
    0x08008080   0x08008080   0x00000030   Code   RO         4493    i.app_ble_get_epoch  app_ble.o
    0x080080b0   0x080080b0   0x000000bc   Code   RO         4494    i.app_ble_send_status_frame  app_ble.o
    0x0800816c   0x0800816c   0x00000014   Code   RO         4422    i.app_state_can_set_param  app_state.o
    0x08008180   0x08008180   0x00000008   Code   RO         4423    i.app_state_trigger_fault  app_state.o
    0x08008188   0x08008188   0x00000074   Code   RO         4311    i.ble_capture_uart_errors  drv_ble.o
    0x080081fc   0x080081fc   0x0000001a   Code   RO         4264    i.ble_protocol_xor  ble_protocol.o
    0x08008216   0x08008216   0x00000002   PAD
    0x08008218   0x08008218   0x0000003c   Code   RO         4312    i.ble_ring_pop      drv_ble.o
    0x08008254   0x08008254   0x00000044   Code   RO         4313    i.ble_ring_push     drv_ble.o
    0x08008298   0x08008298   0x00000044   Code   RO         4314    i.ble_send_frame    drv_ble.o
    0x080082dc   0x080082dc   0x00000030   Code   RO         4315    i.ble_start_receive_it  drv_ble.o
    0x0800830c   0x0800830c   0x0000026c   Code   RO           41    i.main              main.o
    0x08008578   0x08008578   0x00000018   Data   RO         3447    .constdata          system_stm32f4xx.o
    0x08008590   0x08008590   0x00000011   Data   RO         3505    .constdata          gui.o
    0x080085a1   0x080085a1   0x00000006   Data   RO         3656    .constdata          nfc.o
    0x080085a7   0x080085a7   0x00000001   PAD
    0x080085a8   0x080085a8   0x00000047   Data   RO         3752    .conststring        t.o
    0x080085ef   0x080085ef   0x00000001   PAD
    0x080085f0   0x080085f0   0x00000020   Data   RO         5014    Region$$Table       anon$$obj.o


    Execution Region RW_IRAM1 (Exec base: 0x20000000, Load base: 0x08008610, Size: 0x000008a8, Max: 0x0001c000, ABSOLUTE)

    Exec Addr    Load Addr    Size         Type   Attr      Idx    E Section Name        Object

    0x20000000   0x08008610   0x00000028   Data   RW           43    .data               main.o
    0x20000028   0x08008638   0x00000001   Data   RW          613    .data               usart.o
    0x20000029   0x08008639   0x00000003   PAD
    0x2000002c   0x0800863c   0x00000009   Data   RW         2024    .data               stm32f4xx_hal.o
    0x20000035   0x08008645   0x00000003   PAD
    0x20000038   0x08008648   0x00000004   Data   RW         3448    .data               system_stm32f4xx.o
    0x2000003c   0x0800864c   0x00000012   Data   RW         3506    .data               gui.o
    0x2000004e   0x0800865e   0x00000002   PAD
    0x20000050   0x08008660   0x00000022   Data   RW         3657    .data               nfc.o
    0x20000072   0x08008682   0x00000002   PAD
    0x20000074   0x08008684   0x00000005   Data   RW         3753    .data               t.o
    0x20000079   0x08008689   0x00000003   PAD
    0x2000007c   0x0800868c   0x00000014   Data   RW         4121    .data               pressure.o
    0x20000090   0x080086a0   0x00000014   Data   RW         4195    .data               heater.o
    0x200000a4   0x080086b4   0x00000010   Data   RW         4317    .data               drv_ble.o
    0x200000b4   0x080086c4   0x00000008   Data   RW         4495    .data               app_ble.o
    0x200000bc   0x080086cc   0x00000004   Data   RW         4991    .data               mc_w.l(errno.o)
    0x200000c0        -       0x00000030   Zero   RW           42    .bss                main.o
    0x200000f0        -       0x00000048   Zero   RW          478    .bss                adc.o
    0x20000138        -       0x000000a8   Zero   RW          521    .bss                i2c.o
    0x200001e0        -       0x00000058   Zero   RW          568    .bss                spi.o
    0x20000238        -       0x000000d8   Zero   RW          612    .bss                usart.o
    0x20000310        -       0x00000090   Zero   RW         3504    .bss                gui.o
    0x200003a0        -       0x00000102   Zero   RW         4316    .bss                drv_ble.o
    0x200004a2   0x080086d0   0x00000006   PAD
    0x200004a8        -       0x00000400   Zero   RW            1    STACK               startup_stm32f407xx.o


    Execution Region RW_IRAM2 (Exec base: 0x2001c000, Load base: 0x080086d0, Size: 0x00000000, Max: 0x00004000, ABSOLUTE)

    **** No section assigned to this execution region ****


==============================================================================

Image component sizes


      Code (inc. data)   RO Data    RW Data    ZI Data      Debug   Object Name

       240         26          0          0         72       1733   adc.o
       738         18          0          8          0       5714   app_ble.o
       468          8          0          0          0       5911   app_state.o
       236          0          0          0          0       3866   ble_protocol.o
      1338        182          0         16        258      11845   drv_ble.o
      1808         16          0          0          0      20712   eeprom.o
       276         14          0          0          0     683407   gpio.o
      1198        232         17         18        144      11812   gui.o
       744        144          0         20          0       5585   heater.o
       364         40          0          0        168       2322   i2c.o
      3192        574          0         40         48     675432   main.o
      2036        824          6         34          0       8723   nfc.o
       592        160          0         20          0       5064   pressure.o
       204         22          0          0         88       1689   spi.o
        36          8        392          0       1024        840   startup_stm32f407xx.o
       212         36          0          9          0       9425   stm32f4xx_hal.o
      1470         52          0          0          0       5821   stm32f4xx_hal_adc.o
       312         22          0          0          0      34363   stm32f4xx_hal_cortex.o
       212          0          0          0          0       1967   stm32f4xx_hal_dma.o
       528         46          0          0          0       2799   stm32f4xx_hal_gpio.o
      5108         90          0          0          0      17761   stm32f4xx_hal_i2c.o
        72          4          0          0          0        866   stm32f4xx_hal_msp.o
      1820         84          0          0          0       5660   stm32f4xx_hal_rcc.o
      2116         12          0          0          0       7842   stm32f4xx_hal_spi.o
      2398         14          0          0          0      12027   stm32f4xx_hal_uart.o
       114         20          0          0          0       5737   stm32f4xx_it.o
        20          6         24          4          0       1139   system_stm32f4xx.o
      1192        240         71          5          0       9328   t.o
       584         60          0          1        216       3082   usart.o
       218          6          0          0          0       2518   voice.o

    ----------------------------------------------------------------------
     29884       2960        544        188       2024    1564990   Object Totals
         0          0         32          0          0          0   (incl. Generated)
        38          0          2         13          6          0   (incl. Padding)

    ----------------------------------------------------------------------

      Code (inc. data)   RO Data    RW Data    ZI Data      Debug   Library Member Name

        58          0          0          0          0        136   sqrtf.o
         0          0          0          0          0          0   entry.o
         0          0          0          0          0          0   entry10a.o
         0          0          0          0          0          0   entry11a.o
         4          0          0          0          0          0   entry12b.o
         8          4          0          0          0          0   entry2.o
         4          0          0          0          0          0   entry5.o
         0          0          0          0          0          0   entry7b.o
         0          0          0          0          0          0   entry8b.o
         8          4          0          0          0          0   entry9a.o
        12          6          0          4          0         68   errno.o
        30          0          0          0          0          0   handlers.o
        36          8          0          0          0         68   init.o
         0          0          0          0          0          0   iusefp.o
        30          0          0          0          0         68   llshl.o
        36          0          0          0          0         68   llsshr.o
        32          0          0          0          0         68   llushr.o
        26          0          0          0          0         80   memcmp.o
        36          0          0          0          0         68   memcpya.o
        36          0          0          0          0        108   memseta.o
      2312         90          0          0          0        616   printfa.o
        14          0          0          0          0         68   strlen.o
        44          0          0          0          0         80   uidiv.o
        98          0          0          0          0         92   uldiv.o
        48          0          0          0          0         68   cdrcmple.o
       334          0          0          0          0        148   dadd.o
       222          0          0          0          0        100   ddiv.o
       186          0          0          0          0        176   depilogue.o
        48          0          0          0          0         68   dfixul.o
       228          0          0          0          0         96   dmul.o

    ----------------------------------------------------------------------
      3892        112          0          4          0       2244   Library Totals
         2          0          0          0          0          0   (incl. Padding)

    ----------------------------------------------------------------------

      Code (inc. data)   RO Data    RW Data    ZI Data      Debug   Library Name

        58          0          0          0          0        136   m_wm.l
      2766        112          0          4          0       1452   mc_w.l
      1066          0          0          0          0        656   mf_w.l

    ----------------------------------------------------------------------
      3892        112          0          4          0       2244   Library Totals

    ----------------------------------------------------------------------

==============================================================================


      Code (inc. data)   RO Data    RW Data    ZI Data      Debug   

     33776       3072        544        192       2024    1542898   Grand Totals
     33776       3072        544        192       2024    1542898   ELF Image Totals
     33776       3072        544        192          0          0   ROM Totals

==============================================================================

    Total RO  Size (Code + RO Data)                34320 (  33.52kB)
    Total RW  Size (RW Data + ZI Data)              2216 (   2.16kB)
    Total ROM Size (Code + RO Data + RW Data)      34512 (  33.70kB)

==============================================================================

